Component: ARM Compiler 5.05 update 2 (build 169) Tool: armlink [4d0f33]

==============================================================================

Section Cross References

    app.o(i.Start_Task) refers to app.o(i.Sys_Init) for Sys_Init
    app.o(i.Start_Task) refers to app.o(i.Task_Init) for Task_Init
    app.o(i.Start_Task) refers to os_task.o(i.OSTaskSuspend) for OSTaskSuspend
    app.o(i.Sys_Init) refers to lwip_comm.o(i.Lwip_CommInit) for Lwip_CommInit
    app.o(i.Sys_Init) refers to printf8.o(i.__0printf$8) for __2printf
    app.o(i.Task_Init) refers to intercomm.o(i.InterCommInit) for InterCommInit
    app.o(i.Task_Init) refers to baseconfig.o(i.BaseCfgInit) for BaseCfgInit
    app.o(i.Task_Init) refers to serlcomm.o(i.SerlCommInit) for SerlCommInit
    app.o(i.Task_Init) refers to os_cpu_a.o(.text) for OS_CPU_SR_Save
    app.o(i.Task_Init) refers to os_task.o(i.OSTaskCreateExt) for OSTaskCreateExt
    app.o(i.Task_Init) refers to delay.o(i.Delay_Init) for Delay_Init
    app.o(i.Task_Init) refers to app.o(.bss) for s_uiTaskStkInterComm
    app.o(i.Task_Init) refers to intercomm.o(i.InterCommTask) for InterCommTask
    app.o(i.Task_Init) refers to serlcomm.o(i.SerlCommTask) for SerlCommTask
    app.o(i.Task_Init) refers to baseconfig.o(i.ConfigTask) for ConfigTask
    basecommprotocol.o(i.BCPMakeRespReadCOMCfg) refers to memcpya.o(.text) for __aeabi_memcpy
    basecommprotocol.o(i.BCPMakeRespReadCOMCfg) refers to basecommprotocol.o(i.SysCrc32Cal) for SysCrc32Cal
    basecommprotocol.o(i.BCPMakeRespWriteCOMCfg) refers to memseta.o(.text) for __aeabi_memclr
    basecommprotocol.o(i.BCPMakeRespWriteCOMCfg) refers to basecommprotocol.o(i.SysCrc32Cal) for SysCrc32Cal
    basecommprotocol.o(i.BCPParseReq) refers to basecommprotocol.o(i.CheckReqCommonValid) for CheckReqCommonValid
    basecommprotocol.o(i.BCPParseReq) refers to basecommprotocol.o(i.BCPParseReqWriteCOMCfg) for BCPParseReqWriteCOMCfg
    basecommprotocol.o(i.BCPParseReq) refers to basecommprotocol.o(i.BCPParseReqReadCOMCfg) for BCPParseReqReadCOMCfg
    basecommprotocol.o(i.BCPParseReqReadCOMCfg) refers to memseta.o(.text) for __aeabi_memclr4
    basecommprotocol.o(i.BCPParseReqReadCOMCfg) refers to basecommprotocol.o(i.CheckReqCommonValid) for CheckReqCommonValid
    basecommprotocol.o(i.BCPParseReqReadCOMCfg) refers to baseconfig.o(i.BaseCfgGetBaseCOMCfg) for BaseCfgGetBaseCOMCfg
    basecommprotocol.o(i.BCPParseReqReadCOMCfg) refers to printf8.o(i.__0printf$8) for __2printf
    basecommprotocol.o(i.BCPParseReqReadCOMCfg) refers to basecommprotocol.o(i.BCPMakeRespReadCOMCfg) for BCPMakeRespReadCOMCfg
    basecommprotocol.o(i.BCPParseReqWriteCOMCfg) refers to basecommprotocol.o(i.CheckReqCommonValid) for CheckReqCommonValid
    basecommprotocol.o(i.BCPParseReqWriteCOMCfg) refers to baseconfig.o(i.BaseCfgCheckBaseCOMCfg) for BaseCfgCheckBaseCOMCfg
    basecommprotocol.o(i.BCPParseReqWriteCOMCfg) refers to baseconfig.o(i.BaseCfgSetBaseCOMCfg) for BaseCfgSetBaseCOMCfg
    basecommprotocol.o(i.BCPParseReqWriteCOMCfg) refers to printf8.o(i.__0printf$8) for __2printf
    basecommprotocol.o(i.BCPParseReqWriteCOMCfg) refers to basecommprotocol.o(i.BCPMakeRespWriteCOMCfg) for BCPMakeRespWriteCOMCfg
    basecommprotocol.o(i.CheckReqCommonValid) refers to basecommprotocol.o(i.SysCrc32Cal) for SysCrc32Cal
    basecommprotocol.o(i.CheckReqCommonValid) refers to printf8.o(i.__0printf$8) for __2printf
    basecommprotocol.o(i.SysCrc32Cal) refers to basecommprotocol.o(.data) for s_uiCrc32Table
    baseconfig.o(i.BaseCfgGetBaseCOMCfg) refers to baseconfig.o(.bss) for s_stBaseCOMCfgInfo
    baseconfig.o(i.BaseCfgInit) refers to printf8.o(i.__0printf$8) for __2printf
    baseconfig.o(i.BaseCfgInit) refers to baseconfig.o(i.LoadCOMCfgFromFlash) for LoadCOMCfgFromFlash
    baseconfig.o(i.BaseCfgInit) refers to baseconfig.o(i.SetCOMPort) for SetCOMPort
    baseconfig.o(i.BaseCfgInit) refers to memseta.o(.text) for __aeabi_memclr
    baseconfig.o(i.BaseCfgInit) refers to baseconfig.o(.bss) for s_stBaseCOMCfgInfo
    baseconfig.o(i.BaseCfgSetBaseCOMCfg) refers to baseconfig.o(.bss) for s_stBaseCOMCfgInfo
    baseconfig.o(i.ConfigTask) refers to intercomm.o(i.InterCommGetReqInfo) for InterCommGetReqInfo
    baseconfig.o(i.ConfigTask) refers to printf8.o(i.__0printf$8) for __2printf
    baseconfig.o(i.ConfigTask) refers to basecommprotocol.o(i.BCPParseReq) for BCPParseReq
    baseconfig.o(i.ConfigTask) refers to intercomm.o(i.InterCommSetRespInfo) for InterCommSetRespInfo
    baseconfig.o(i.ConfigTask) refers to baseconfig.o(i.SetCOMPort) for SetCOMPort
    baseconfig.o(i.ConfigTask) refers to baseconfig.o(i.StoreCOMCfgToFlash) for StoreCOMCfgToFlash
    baseconfig.o(i.ConfigTask) refers to os_time.o(i.OSTimeDlyHMSM) for OSTimeDlyHMSM
    baseconfig.o(i.ConfigTask) refers to baseconfig.o(.bss) for s_ucReq
    baseconfig.o(i.LoadCOMCfgFromFlash) refers to flash_w25q.o(i.bsp_W25QXX_Read) for bsp_W25QXX_Read
[...]
    lwip_comm_mem_malloc                     0x0800b0f5   Thumb Code   100  lwip_comm.o(i.lwip_comm_mem_malloc)
    lwip_fcntl                               0x0800b169   Thumb Code   116  sockets.o(i.lwip_fcntl)
    lwip_htonl                               0x0800b1dd   Thumb Code    26  def.o(i.lwip_htonl)
    lwip_htons                               0x0800b1f7   Thumb Code    12  def.o(i.lwip_htons)
    lwip_init                                0x0800b203   Thumb Code    36  init.o(i.lwip_init)
    lwip_listen                              0x0800b229   Thumb Code   156  sockets.o(i.lwip_listen)
    lwip_ntohl                               0x0800b2cd   Thumb Code    12  def.o(i.lwip_ntohl)
    lwip_ntohs                               0x0800b2d9   Thumb Code    12  def.o(i.lwip_ntohs)
    lwip_pkt_handle                          0x0800b2e5   Thumb Code    10  lwip_comm.o(i.lwip_pkt_handle)
    lwip_recv                                0x0800b2f5   Thumb Code    34  sockets.o(i.lwip_recv)
    lwip_recvfrom                            0x0800b319   Thumb Code   676  sockets.o(i.lwip_recvfrom)
    lwip_select                              0x0800b651   Thumb Code   874  sockets.o(i.lwip_select)
    lwip_send                                0x0800bc89   Thumb Code   162  sockets.o(i.lwip_send)
    lwip_sendto                              0x0800bd35   Thumb Code   282  sockets.o(i.lwip_sendto)
    lwip_setsockopt                          0x0800bef5   Thumb Code   350  sockets.o(i.lwip_setsockopt)
    lwip_shutdown                            0x0800c28d   Thumb Code   186  sockets.o(i.lwip_shutdown)
    lwip_socket                              0x0800c351   Thumb Code   186  sockets.o(i.lwip_socket)
    lwip_socket_init                         0x0800c415   Thumb Code     2  sockets.o(i.lwip_socket_init)
    main                                     0x0800c475   Thumb Code    30  main.o(i.main)
    mem_free                                 0x0800c49d   Thumb Code   184  mem.o(i.mem_free)
    mem_init                                 0x0800c60d   Thumb Code   114  mem.o(i.mem_init)
    mem_malloc                               0x0800c709   Thumb Code   390  mem.o(i.mem_malloc)
    mem_trim                                 0x0800c999   Thumb Code   338  mem.o(i.mem_trim)
    memp_free                                0x0800cb8d   Thumb Code    76  memp.o(i.memp_free)
    memp_get_memorysize                      0x0800cc55   Thumb Code     8  memp.o(i.memp_get_memorysize)
    memp_init                                0x0800cc5d   Thumb Code    86  memp.o(i.memp_init)
    memp_malloc                              0x0800ccc5   Thumb Code   104  memp.o(i.memp_malloc)
    miiSmiIfInit                             0x0800cdcd   Thumb Code   700  gtmiismiif.o(i.miiSmiIfInit)
    miiSmiIfReadRegister                     0x0800d089   Thumb Code    64  gtmiismiif.o(i.miiSmiIfReadRegister)
    miiSmiIfWriteRegister                    0x0800d0c9   Thumb Code    64  gtmiismiif.o(i.miiSmiIfWriteRegister)
    miiSmiManualIfInit                       0x0800d109   Thumb Code   440  gtmiismiif.o(i.miiSmiManualIfInit)
    my_mem_free                              0x0800d2c1   Thumb Code    96  malloc.o(i.my_mem_free)
    my_mem_init                              0x0800d32d   Thumb Code    54  malloc.o(i.my_mem_init)
    my_mem_malloc                            0x0800d371   Thumb Code   164  malloc.o(i.my_mem_malloc)
    my_mem_perused                           0x0800d421   Thumb Code    54  malloc.o(i.my_mem_perused)
    myfree                                   0x0800d461   Thumb Code    30  malloc.o(i.myfree)
    mymalloc                                 0x0800d485   Thumb Code    34  malloc.o(i.mymalloc)
    mymemset                                 0x0800d4ad   Thumb Code    20  malloc.o(i.mymemset)
    netbuf_delete                            0x0800d4c1   Thumb Code    32  netbuf.o(i.netbuf_delete)
    netbuf_free                              0x0800d4e1   Thumb Code    50  netbuf.o(i.netbuf_free)
    netbuf_ref                               0x0800d589   Thumb Code    92  netbuf.o(i.netbuf_ref)
    netconn_accept                           0x0800d655   Thumb Code   202  api_lib.o(i.netconn_accept)
    netconn_alloc                            0x0800d7dd   Thumb Code   166  api_msg.o(i.netconn_alloc)
    netconn_bind                             0x0800d905   Thumb Code    98  api_lib.o(i.netconn_bind)
    netconn_delete                           0x0800dab5   Thumb Code    36  api_lib.o(i.netconn_delete)
    netconn_free                             0x0800dc2d   Thumb Code   126  api_msg.o(i.netconn_free)
    netconn_getaddr                          0x0800ddad   Thumb Code   162  api_lib.o(i.netconn_getaddr)
    netconn_listen_with_backlog              0x0800df0d   Thumb Code    86  api_lib.o(i.netconn_listen_with_backlog)
    netconn_new_with_proto_and_callback      0x0800dfe1   Thumb Code   196  api_lib.o(i.netconn_new_with_proto_and_callback)
    netconn_recv                             0x0800e17d   Thumb Code   254  api_lib.o(i.netconn_recv)
    netconn_recv_tcp_pbuf                    0x0800e545   Thumb Code    52  api_lib.o(i.netconn_recv_tcp_pbuf)
    netconn_recved                           0x0800e5ed   Thumb Code    44  api_lib.o(i.netconn_recved)
    netconn_send                             0x0800e61d   Thumb Code    94  api_lib.o(i.netconn_send)
    netconn_shutdown                         0x0800e6f5   Thumb Code    36  api_lib.o(i.netconn_shutdown)
    netconn_write_partly                     0x0800e719   Thumb Code   202  api_lib.o(i.netconn_write_partly)
    netif_add                                0x0800e881   Thumb Code   148  netif.o(i.netif_add)
    netif_init                               0x0800e98d   Thumb Code     2  netif.o(i.netif_init)
    netif_set_addr                           0x0800e98f   Thumb Code    40  netif.o(i.netif_set_addr)
    netif_set_default                        0x0800e9b9   Thumb Code    10  netif.o(i.netif_set_default)
    netif_set_gw                             0x0800e9c9   Thumb Code    16  netif.o(i.netif_set_gw)
    netif_set_ipaddr                         0x0800e9d9   Thumb Code   124  netif.o(i.netif_set_ipaddr)
    netif_set_netmask                        0x0800ea5d   Thumb Code    16  netif.o(i.netif_set_netmask)
    netif_set_up                             0x0800ea6d   Thumb Code    54  netif.o(i.netif_set_up)
    pbuf_alloc                               0x0800eaa5   Thumb Code   652  pbuf.o(i.pbuf_alloc)
    pbuf_alloced_custom                      0x0800eec9   Thumb Code   148  pbuf.o(i.pbuf_alloced_custom)
    pbuf_cat                                 0x0800efd9   Thumb Code   126  pbuf.o(i.pbuf_cat)
    pbuf_chain                               0x0800f129   Thumb Code    26  pbuf.o(i.pbuf_chain)
    pbuf_clen                                0x0800f143   Thumb Code    18  pbuf.o(i.pbuf_clen)
    pbuf_copy                                0x0800f155   Thumb Code   326  pbuf.o(i.pbuf_copy)
    pbuf_copy_partial                        0x0800f395   Thumb Code   182  pbuf.o(i.pbuf_copy_partial)
    pbuf_free                                0x0800f4e9   Thumb Code   276  pbuf.o(i.pbuf_free)
    pbuf_header                              0x0800f6b5   Thumb Code   200  pbuf.o(i.pbuf_header)
    pbuf_realloc                             0x0800f811   Thumb Code   252  pbuf.o(i.pbuf_realloc)
    pbuf_ref                                 0x0800f9e1   Thumb Code    26  pbuf.o(i.pbuf_ref)
    port2lport                               0x080103d9   Thumb Code    54  gtdrvconfig.o(i.port2lport)
    portToSmiMapping                         0x08010411   Thumb Code   320  gthwcntl.o(i.portToSmiMapping)
    qdLoadDriver                             0x08010559   Thumb Code  3188  gtsysconfig.o(i.qdLoadDriver)
    qdMultiAddrRead                          0x080111dd   Thumb Code   270  gtmiismiif.o(i.qdMultiAddrRead)
    qdMultiAddrWrite                         0x080112eb   Thumb Code   170  gtmiismiif.o(i.qdMultiAddrWrite)
    qdUnloadDriver                           0x08011395   Thumb Code   158  gtsysconfig.o(i.qdUnloadDriver)
    raw_bind                                 0x08011433   Thumb Code    16  raw.o(i.raw_bind)
    raw_input                                0x08011445   Thumb Code   102  raw.o(i.raw_input)
    raw_new                                  0x080114b9   Thumb Code    46  raw.o(i.raw_new)
    raw_recv                                 0x080114ed   Thumb Code     6  raw.o(i.raw_recv)
    raw_remove                               0x080114f5   Thumb Code    60  raw.o(i.raw_remove)
    raw_send                                 0x08011535   Thumb Code    18  raw.o(i.raw_send)
    raw_sendto                               0x08011549   Thumb Code   190  raw.o(i.raw_sendto)
    sysEnable                                0x08011b59   Thumb Code    12  gtsysconfig.o(i.sysEnable)
    sys_arch_mbox_fetch                      0x08011b65   Thumb Code   154  sys_arch.o(i.sys_arch_mbox_fetch)
    sys_arch_mbox_tryfetch                   0x08011c5d   Thumb Code    18  sys_arch.o(i.sys_arch_mbox_tryfetch)
    sys_arch_sem_wait                        0x08011c6f   Thumb Code    96  sys_arch.o(i.sys_arch_sem_wait)
    sys_init                                 0x08011ccf   Thumb Code     2  sys_arch.o(i.sys_init)
    sys_mbox_free                            0x08011cd1   Thumb Code    56  sys_arch.o(i.sys_mbox_free)
    sys_mbox_new                             0x08011d5d   Thumb Code   108  sys_arch.o(i.sys_mbox_new)
    sys_mbox_post                            0x08011e21   Thumb Code    28  sys_arch.o(i.sys_mbox_post)
    sys_mbox_set_invalid                     0x08011e41   Thumb Code     6  sys_arch.o(i.sys_mbox_set_invalid)
    sys_mbox_trypost                         0x08011e49   Thumb Code    32  sys_arch.o(i.sys_mbox_trypost)
    sys_mbox_valid                           0x08011e6d   Thumb Code    56  sys_arch.o(i.sys_mbox_valid)
    sys_sem_free                             0x08011ea5   Thumb Code    52  sys_arch.o(i.sys_sem_free)
    sys_sem_new                              0x08011f31   Thumb Code    62  sys_arch.o(i.sys_sem_new)
    sys_sem_set_invalid                      0x08011fd9   Thumb Code     6  sys_arch.o(i.sys_sem_set_invalid)
    sys_sem_signal                           0x08011fdf   Thumb Code    12  sys_arch.o(i.sys_sem_signal)
    sys_sem_valid                            0x08011feb   Thumb Code    22  sys_arch.o(i.sys_sem_valid)
    sys_thread_new                           0x08012001   Thumb Code    66  sys_arch.o(i.sys_thread_new)
    sys_timeout                              0x08012059   Thumb Code   174  timers.o(i.sys_timeout)
    sys_timeouts_init                        0x080121a5   Thumb Code    28  timers.o(i.sys_timeouts_init)
    sys_timeouts_mbox_fetch                  0x080121c9   Thumb Code   132  timers.o(i.sys_timeouts_mbox_fetch)
    sys_untimeout                            0x08012251   Thumb Code    90  timers.o(i.sys_untimeout)
    tcp_abandon                              0x080122b1   Thumb Code   164  tcp.o(i.tcp_abandon)
    tcp_abort                                0x080123ed   Thumb Code    14  tcp.o(i.tcp_abort)
    tcp_accept                               0x080123fb   Thumb Code     4  tcp.o(i.tcp_accept)
    tcp_alloc                                0x08012409   Thumb Code   180  tcp.o(i.tcp_alloc)
    tcp_arg                                  0x080124cd   Thumb Code     4  tcp.o(i.tcp_arg)
    tcp_bind                                 0x080124d1   Thumb Code   194  tcp.o(i.tcp_bind)
    tcp_close                                0x0801261d   Thumb Code    28  tcp.o(i.tcp_close)
    tcp_eff_send_mss                         0x08012945   Thumb Code    46  tcp.o(i.tcp_eff_send_mss)
    tcp_enqueue_flags                        0x08012975   Thumb Code   418  tcp_out.o(i.tcp_enqueue_flags)
    tcp_err                                  0x08012c21   Thumb Code    40  tcp.o(i.tcp_err)
    tcp_fasttmr                              0x08012cc9   Thumb Code   114  tcp.o(i.tcp_fasttmr)
    tcp_init                                 0x08012d49   Thumb Code     2  tcp.o(i.tcp_init)
    tcp_input                                0x08012d4d   Thumb Code  1702  tcp_in.o(i.tcp_input)
    tcp_keepalive                            0x0801341d   Thumb Code    84  tcp_out.o(i.tcp_keepalive)
    tcp_listen_with_backlog                  0x08013645   Thumb Code   258  tcp.o(i.tcp_listen_with_backlog)
    tcp_new                                  0x080137d5   Thumb Code    10  tcp.o(i.tcp_new)
    tcp_next_iss                             0x08013849   Thumb Code    20  tcp.o(i.tcp_next_iss)
    tcp_output                               0x08013865   Thumb Code   492  tcp_out.o(i.tcp_output)
    tcp_pcb_purge                            0x08013eb9   Thumb Code    88  tcp.o(i.tcp_pcb_purge)
    tcp_pcb_remove                           0x08013f11   Thumb Code   184  tcp.o(i.tcp_pcb_remove)
    tcp_poll                                 0x08014059   Thumb Code    46  tcp.o(i.tcp_poll)
    tcp_process_refused_data                 0x0801479d   Thumb Code   148  tcp.o(i.tcp_process_refused_data)
    tcp_recv                                 0x0801515d   Thumb Code    38  tcp.o(i.tcp_recv)
    tcp_recv_null                            0x08015205   Thumb Code    46  tcp.o(i.tcp_recv_null)
    tcp_recved                               0x08015235   Thumb Code   128  tcp.o(i.tcp_recved)
    tcp_rexmit                               0x08015359   Thumb Code    90  tcp_out.o(i.tcp_rexmit)
    tcp_rexmit_fast                          0x080153b3   Thumb Code   120  tcp_out.o(i.tcp_rexmit_fast)
    tcp_rexmit_rto                           0x0801542b   Thumb Code    58  tcp_out.o(i.tcp_rexmit_rto)
    tcp_rst                                  0x08015465   Thumb Code   156  tcp_out.o(i.tcp_rst)
    tcp_seg_free                             0x0801558d   Thumb Code    26  tcp.o(i.tcp_seg_free)
    tcp_segs_free                            0x080155a7   Thumb Code    24  tcp.o(i.tcp_segs_free)
    tcp_send_empty_ack                       0x080155bf   Thumb Code    86  tcp_out.o(i.tcp_send_empty_ack)
    tcp_send_fin                             0x08015615   Thumb Code    74  tcp_out.o(i.tcp_send_fin)
    tcp_sent                                 0x08015661   Thumb Code    38  tcp.o(i.tcp_sent)
    tcp_shutdown                             0x08015709   Thumb Code    98  tcp.o(i.tcp_shutdown)
    tcp_slowtmr                              0x0801576d   Thumb Code  1396  tcp.o(i.tcp_slowtmr)
    tcp_timer_needed                         0x08015d69   Thumb Code    38  timers.o(i.tcp_timer_needed)
    tcp_tmr                                  0x08015e4d   Thumb Code    30  tcp.o(i.tcp_tmr)
    tcp_update_rcv_ann_wnd                   0x08015e71   Thumb Code   102  tcp.o(i.tcp_update_rcv_ann_wnd)
    tcp_write                                0x08015f4d   Thumb Code  1696  tcp_out.o(i.tcp_write)
    tcp_zero_window_probe                    0x080167fd   Thumb Code   180  tcp_out.o(i.tcp_zero_window_probe)
    tcpip_apimsg                             0x080168b1   Thumb Code    60  tcpip.o(i.tcpip_apimsg)
    tcpip_callback_with_block                0x080168f1   Thumb Code    90  tcpip.o(i.tcpip_callback_with_block)
    tcpip_init                               0x08016951   Thumb Code    72  tcpip.o(i.tcpip_init)
    tcpip_input                              0x08016a35   Thumb Code    72  tcpip.o(i.tcpip_input)
    udp_bind                                 0x08016c55   Thumb Code   186  udp.o(i.udp_bind)
    udp_init                                 0x08016d79   Thumb Code     2  udp.o(i.udp_init)
    udp_input                                0x08016d7d   Thumb Code   454  udp.o(i.udp_input)
    udp_new                                  0x08016fd1   Thumb Code    28  udp.o(i.udp_new)
    udp_recv                                 0x08017045   Thumb Code     6  udp.o(i.udp_recv)
    udp_remove                               0x0801704d   Thumb Code    60  udp.o(i.udp_remove)
    udp_send                                 0x0801708d   Thumb Code    20  udp.o(i.udp_send)
    udp_sendto                               0x080170a1   Thumb Code    54  udp.o(i.udp_sendto)
    udp_sendto_if                            0x080170d9   Thumb Code   264  udp.o(i.udp_sendto_if)
    memtblsize                               0x08017268   Data          12  malloc.o(.constdata)
    memblksize                               0x08017274   Data          12  malloc.o(.constdata)
    memsize                                  0x08017280   Data          12  malloc.o(.constdata)
    ethbroadcast                             0x0801728c   Data           6  etharp.o(.constdata)
    ethzero                                  0x08017292   Data           6  etharp.o(.constdata)
    tcp_state_str                            0x080172d0   Data          44  tcp.o(.constdata)
    tcp_backoff                              0x080172fc   Data          13  tcp.o(.constdata)
    tcp_persist_backoff                      0x08017309   Data           7  tcp.o(.constdata)
    tcp_pcb_lists                            0x08017310   Data          16  tcp.o(.constdata)
    pvNullPointer                            0x08017360   Data           4  sys_arch.o(.constdata)
    OSUnMapTbl                               0x08017364   Data         256  os_core.o(.constdata)
    Region$$Table$$Base                      0x08017610   Number         0  anon$$obj.o(Region$$Table)
    Region$$Table$$Limit                     0x08017630   Number         0  anon$$obj.o(Region$$Table)
    mem3base                                 0x10000000   Data       61440  malloc.o(.ARM.__AT_0x10000000)
    mem3mapbase                              0x1000f000   Data        3840  malloc.o(.ARM.__AT_0x1000F000)
    DMATxDescToSet                           0x20000410   Data           4  stm32f4x7_eth.o(.data)
    DMARxDescToGet                           0x20000414   Data           4  stm32f4x7_eth.o(.data)
    DMA_RX_FRAME_infos                       0x20000418   Data           4  stm32f4x7_eth.o(.data)
    Frame_Rx_index                           0x2000041c   Data           4  stm32f4x7_eth.o(.data)
    mallco_dev                               0x20000420   Data          36  malloc.o(.data)
    Tim3_Nus                                 0x20000444   Data           4  tim3.o(.data)
    speed                                    0x2000044c   Data           2  mv88e6061.o(.data)
    W25QXX_TYPE                              0x2000044e   Data           2  flash_w25q.o(.data)
    current_netif                            0x20000454   Data           4  ip.o(.data)
    current_header                           0x20000458   Data           4  ip.o(.data)
    current_iphdr_src                        0x2000045c   Data           4  ip.o(.data)
    current_iphdr_dest                       0x20000460   Data           4  ip.o(.data)
    ram_heap                                 0x20000470   Data           4  mem.o(.data)
    memp_memory                              0x200004bc   Data           4  memp.o(.data)
    netif_list                               0x200004c0   Data           4  netif.o(.data)
    netif_default                            0x200004c4   Data           4  netif.o(.data)
    tcp_ticks                                0x200004d4   Data           4  tcp.o(.data)
    tcp_bound_pcbs                           0x200004d8   Data           4  tcp.o(.data)
    tcp_listen_pcbs                          0x200004dc   Data           4  tcp.o(.data)
    tcp_active_pcbs                          0x200004e0   Data           4  tcp.o(.data)
    tcp_tw_pcbs                              0x200004e4   Data           4  tcp.o(.data)
    tcp_tmp_pcb                              0x200004e8   Data           4  tcp.o(.data)
    tcp_active_pcbs_changed                  0x200004ec   Data           1  tcp.o(.data)
    tcp_input_pcb                            0x20000510   Data           4  tcp_in.o(.data)
    udp_pcbs                                 0x20000520   Data           4  udp.o(.data)
    errno                                    0x20000524   Data           4  sockets.o(.data)
    DMARxDscrTab                             0x2000053c   Data           4  hw_arch.o(.data)
    DMATxDscrTab                             0x20000540   Data           4  hw_arch.o(.data)
    Rx_Buff                                  0x20000544   Data           4  hw_arch.o(.data)
    Tx_Buff                                  0x20000548   Data           4  hw_arch.o(.data)
    TCPIP_THREAD_TASK_STK                    0x2000054c   Data           4  lwip_comm.o(.data)
    LWIP_DHCP_TASK_STK                       0x20000550   Data           4  lwip_comm.o(.data)
    dev                                      0x20000554   Data           4  mv88e6061_interface.o(.data)
    OSCtxSwCtr                               0x20000558   Data           4  os_core.o(.data)
    OSEventFreeList                          0x2000055c   Data           4  os_core.o(.data)
    OSCPUUsage                               0x20000560   Data           1  os_core.o(.data)
    OSIdleCtrMax                             0x20000564   Data           4  os_core.o(.data)
    OSIdleCtrRun                             0x20000568   Data           4  os_core.o(.data)
    OSStatRdy                                0x2000056c   Data           1  os_core.o(.data)
    OSIntNesting                             0x2000056d   Data           1  os_core.o(.data)
    OSLockNesting                            0x2000056e   Data           1  os_core.o(.data)
    OSPrioCur                                0x2000056f   Data           1  os_core.o(.data)
    OSPrioHighRdy                            0x20000570   Data           1  os_core.o(.data)
    OSRdyGrp                                 0x20000571   Data           1  os_core.o(.data)
    OSRdyTbl                                 0x20000572   Data           8  os_core.o(.data)
    OSRunning                                0x2000057a   Data           1  os_core.o(.data)
    OSTaskCtr                                0x2000057b   Data           1  os_core.o(.data)
    OSIdleCtr                                0x2000057c   Data           4  os_core.o(.data)
    OSTCBCur                                 0x20000580   Data           4  os_core.o(.data)
    OSTCBFreeList                            0x20000584   Data           4  os_core.o(.data)
    OSTCBHighRdy                             0x20000588   Data           4  os_core.o(.data)
    OSTCBList                                0x2000058c   Data           4  os_core.o(.data)
    OSTickStepState                          0x20000590   Data           1  os_core.o(.data)
    OSQFreeList                              0x20000594   Data           4  os_core.o(.data)
    OSTaskRegNextAvailID                     0x20000598   Data           1  os_core.o(.data)
    OSTime                                   0x2000059c   Data           4  os_core.o(.data)
    OS_CPU_ExceptStkBase                     0x200005a0   Data           4  os_cpu_c.o(.data)
    __stdout                                 0x200005a4   Data           4  stdout.o(.data)
    RX_Frame_Descriptor                      0x200052ec   Data          12  stm32f4x7_eth.o(.bss)
    mem1base                                 0x200054f8   Data       61440  malloc.o(.bss)
    mem1mapbase                              0x200144f8   Data        3840  malloc.o(.bss)
    g_uiRxTOCnt                              0x200153f8   Data          24  usart.o(.bss)
    W25QXX_BUFFER                            0x20016040   Data        4096  flash_w25q.o(.bss)
    lwipdev                                  0x20017334   Data          23  lwip_comm.o(.bss)
    lwip_netif                               0x2001734c   Data          48  lwip_comm.o(.bss)
    cfg                                      0x2001737c   Data          44  mv88e6061_interface.o(.bss)
    diagDev                                  0x200173a8   Data         116  mv88e6061_interface.o(.bss)
    OSEventTbl                               0x2001741c   Data         720  os_core.o(.bss)
    OSTaskStatStk                            0x200176ec   Data         512  os_core.o(.bss)
    OSTaskIdleStk                            0x200178ec   Data         512  os_core.o(.bss)
    OSTCBPrioTbl                             0x20017aec   Data         256  os_core.o(.bss)
    OSTCBTbl                                 0x20017bec   Data        1672  os_core.o(.bss)
    OSQTbl                                   0x20018274   Data         240  os_core.o(.bss)
    OS_CPU_ExceptStk                         0x20018364   Data         512  os_cpu_c.o(.bss)
    __initial_sp                             0x20018968   Data           0  startup_stm32f40_41xxx.o(STACK)
    mem2base                                 0x68000000   Data       204800  malloc.o(.ARM.__AT_0x68000000)
    mem2mapbase                              0x68032000   Data       12800  malloc.o(.ARM.__AT_0x68032000)



==============================================================================

Memory Map of the image

  Image Entry point : 0x08000189

  Load Region LR_IROM1 (Base: 0x08000000, Size: 0x00017bd8, Max: 0x00080000, ABSOLUTE, COMPRESSED[0x00017aa4])

    Execution Region ER_IROM1 (Base: 0x08000000, Size: 0x00017630, Max: 0x00080000, ABSOLUTE)

    Base Addr    Size         Type   Attr      Idx    E Section Name        Object

    0x08000000   0x00000188   Data   RO         4725    RESET               startup_stm32f40_41xxx.o
    0x08000188   0x00000000   Code   RO        15119  * .ARM.Collect$$$$00000000  mc_w.l(entry.o)
    0x08000188   0x00000004   Code   RO        15423    .ARM.Collect$$$$00000001  mc_w.l(entry2.o)
    0x0800018c   0x00000004   Code   RO        15426    .ARM.Collect$$$$00000004  mc_w.l(entry5.o)
    0x08000190   0x00000000   Code   RO        15428    .ARM.Collect$$$$00000008  mc_w.l(entry7b.o)
    0x08000190   0x00000000   Code   RO        15430    .ARM.Collect$$$$0000000A  mc_w.l(entry8b.o)
    0x08000190   0x00000008   Code   RO        15431    .ARM.Collect$$$$0000000B  mc_w.l(entry9a.o)
    0x08000198   0x00000000   Code   RO        15433    .ARM.Collect$$$$0000000D  mc_w.l(entry10a.o)
    0x08000198   0x00000000   Code   RO        15435    .ARM.Collect$$$$0000000F  mc_w.l(entry11a.o)
    0x08000198   0x00000004   Code   RO        15424    .ARM.Collect$$$$00002712  mc_w.l(entry2.o)
    0x0800019c   0x00000002   Code   RO         3760    .emb_text           stm32f4xx_it.o
    0x0800019e   0x00000002   PAD
    0x080001a0   0x00000024   Code   RO         4726    .text               startup_stm32f40_41xxx.o
    0x080001c4   0x000000dc   Code   RO        15024    .text               os_cpu_a.o
    0x080002a0   0x00000024   Code   RO        15150    .text               mc_w.l(memcpya.o)
    0x080002c4   0x00000024   Code   RO        15152    .text               mc_w.l(memseta.o)
    0x080002e8   0x0000001c   Code   RO        15156    .text               mc_w.l(strcmp.o)
    0x08000304   0x0000001a   Code   RO        15158    .text               mc_w.l(memcmp.o)
    0x0800031e   0x00000062   Code   RO        15440    .text               mc_w.l(uldiv.o)
    0x08000380   0x00000024   Code   RO        15453    .text               mc_w.l(init.o)
    0x080003a4   0x0000001e   Code   RO        15455    .text               mc_w.l(llshl.o)
    0x080003c2   0x00000020   Code   RO        15457    .text               mc_w.l(llushr.o)
    0x080003e2   0x00000056   Code   RO        15471    .text               mc_w.l(__dczerorl2.o)
    0x08000438   0x000001a8   Code   RO          506    i.AcceptNewConnect  intercomm.o
    0x080005e0   0x000000a8   Code   RO          259    i.BCPMakeRespReadCOMCfg  basecommprotocol.o
    0x08000688   0x0000004c   Code   RO          260    i.BCPMakeRespWriteCOMCfg  basecommprotocol.o
    0x080006d4   0x00000072   Code   RO          261    i.BCPParseReq       basecommprotocol.o
    0x08000746   0x00000002   PAD
    0x08000748   0x00000130   Code   RO          262    i.BCPParseReqReadCOMCfg  basecommprotocol.o
    0x08000878   0x00000170   Code   RO          263    i.BCPParseReqWriteCOMCfg  basecommprotocol.o
    0x080009e8   0x000000b8   Code   RO         4052    i.BSP_Init          bsp.o
    0x08000aa0   0x00000006   Code   RO          409    i.BaseCfgCheckBaseCOMCfg  baseconfig.o
    0x08000aa6   0x00000002   PAD
    0x08000aa8   0x00000034   Code   RO          410    i.BaseCfgGetBaseCOMCfg  baseconfig.o
    0x08000adc   0x000000e0   Code   RO          411    i.BaseCfgInit       baseconfig.o
    0x08000bbc   0x00000038   Code   RO          412    i.BaseCfgSetBaseCOMCfg  baseconfig.o
    0x08000bf4   0x00000004   Code   RO         3761    i.BusFault_Handler  stm32f4xx_it.o
    0x08000bf8   0x0000010c   Code   RO          264    i.CheckReqCommonValid  basecommprotocol.o
    0x08000d04   0x00000030   Code   RO          758    i.CheckRespTimeout  serlcomm.o
    0x08000d34   0x00000048   Code   RO          694    i.CloseConnSocket   ownsocket.o
    0x08000d7c   0x00000044   Code   RO          695    i.CloseSocket       ownsocket.o
    0x08000dc0   0x00000020   Code   RO          507    i.ClrLocalRecvInfo  intercomm.o
    0x08000de0   0x00000028   Code   RO          508    i.ClrLocalRecvInfoArray  intercomm.o
    0x08000e08   0x00000134   Code   RO          413    i.ConfigTask        baseconfig.o
    0x08000f3c   0x0000019c   Code   RO          696    i.CreateListenSocket  ownsocket.o
    0x080010d8   0x00000002   Code   RO         3762    i.DebugMon_Handler  stm32f4xx_it.o
    0x080010da   0x00000002   PAD
    0x080010dc   0x00000058   Code   RO         4102    i.Delay_Init        delay.o
    0x08001134   0x0000001a   Code   RO         4293    i.Delay_ns          mv88e6061.o
    0x0800114e   0x00000002   PAD
    0x08001150   0x0000000c   Code   RO         2521    i.ETH_DMAClearITPendingBit  stm32f4x7_eth.o
    0x0800115c   0x00000020   Code   RO         2522    i.ETH_DMAITConfig   stm32f4x7_eth.o
    0x0800117c   0x00000024   Code   RO         2523    i.ETH_DMAReceptionCmd  stm32f4x7_eth.o
    0x080011a0   0x00000064   Code   RO         2524    i.ETH_DMARxDescChainInit  stm32f4x7_eth.o
    0x08001204   0x00000024   Code   RO         2526    i.ETH_DMATransmissionCmd  stm32f4x7_eth.o
    0x08001228   0x00000050   Code   RO         2529    i.ETH_DMATxDescChainInit  stm32f4x7_eth.o
    0x08001278   0x00000008   Code   RO         2530    i.ETH_DMATxDescChecksumInsertionConfig  stm32f4x7_eth.o
    0x08001280   0x00000016   Code   RO         2535    i.ETH_DeInit        stm32f4x7_eth.o
    0x08001296   0x0000001c   Code   RO         2536    i.ETH_Delay         stm32f4x7_eth.o
    0x080012b2   0x00000002   PAD
    0x080012b4   0x0000002c   Code   RO         2538    i.ETH_FlushTransmitFIFO  stm32f4x7_eth.o
    0x080012e0   0x0000000c   Code   RO         7292    i.ETH_GetCurrentTxBuffer  hw_arch.o
    0x080012ec   0x0000000a   Code   RO         2550    i.ETH_GetDMARxDescFrameLength  stm32f4x7_eth.o
    0x080012f6   0x0000002a   Code   RO         2563    i.ETH_GetRxPktSize  stm32f4x7_eth.o
    0x08001320   0x00000018   Code   RO         2564    i.ETH_GetSoftwareResetStatus  stm32f4x7_eth.o
    0x08001338   0x00000010   Code   RO         3763    i.ETH_IRQHandler    stm32f4xx_it.o
    0x08001348   0x000002c8   Code   RO         2569    i.ETH_Init          stm32f4x7_eth.o
    0x08001610   0x00000028   Code   RO         7293    i.ETH_IrqHandler    hw_arch.o
    0x08001638   0x00000034   Code   RO         2571    i.ETH_MACAddressConfig  stm32f4x7_eth.o
    0x0800166c   0x0000009c   Code   RO         7294    i.ETH_MACDMA_Config  hw_arch.o
    0x08001708   0x00000040   Code   RO         2576    i.ETH_MACReceptionCmd  stm32f4x7_eth.o
    0x08001748   0x00000040   Code   RO         2577    i.ETH_MACTransmissionCmd  stm32f4x7_eth.o
    0x08001788   0x0000003c   Code   RO         7295    i.ETH_Mem_Free      hw_arch.o
    0x080017c4   0x0000006c   Code   RO         7296    i.ETH_Mem_Malloc    hw_arch.o
    0x08001830   0x0000006c   Code   RO         2589    i.ETH_ReadPHYRegister  stm32f4x7_eth.o
    0x0800189c   0x0000009c   Code   RO         7297    i.ETH_Rx_Packet     hw_arch.o
    0x08001938   0x00000014   Code   RO         2597    i.ETH_SoftwareReset  stm32f4x7_eth.o
    0x0800194c   0x00000020   Code   RO         2598    i.ETH_Start         stm32f4x7_eth.o
    0x0800196c   0x000000b2   Code   RO         2600    i.ETH_StructInit    stm32f4x7_eth.o
    0x08001a1e   0x00000002   PAD
    0x08001a20   0x00000068   Code   RO         7298    i.ETH_Tx_Packet     hw_arch.o
    0x08001a88   0x00000068   Code   RO         2602    i.ETH_WritePHYRegister  stm32f4x7_eth.o
    0x08001af0   0x0000000c   Code   RO         3050    i.EXTI_ClearITPendingBit  stm32f4xx_exti.o
    0x08001afc   0x00000028   Code   RO         7299    i.Ethernet_NVICConfiguration  hw_arch.o
    0x08001b24   0x00000090   Code   RO          979    i.GPIO_Init         stm32f4xx_gpio.o
    0x08001bb4   0x00000046   Code   RO          980    i.GPIO_PinAFConfig  stm32f4xx_gpio.o
    0x08001bfa   0x00000004   Code   RO          986    i.GPIO_ResetBits    stm32f4xx_gpio.o
    0x08001bfe   0x00000004   Code   RO          987    i.GPIO_SetBits      stm32f4xx_gpio.o
    0x08001c02   0x00000002   PAD
    0x08001c04   0x00000078   Code   RO         4412    i.GetSerlRecvInfo   usart.o
    0x08001c7c   0x00000054   Code   RO          414    i.GetUSARTxFromCOMID  baseconfig.o
    0x08001cd0   0x00000020   Code   RO         3764    i.HardFault_Handler  stm32f4xx_it.o
    0x08001cf0   0x00000074   Code   RO          509    i.InterCommGetReqInfo  intercomm.o
    0x08001d64   0x00000074   Code   RO          510    i.InterCommGetRespInfo  intercomm.o
    0x08001dd8   0x000000c0   Code   RO          511    i.InterCommInit     intercomm.o
    0x08001e98   0x00000058   Code   RO          512    i.InterCommSetReqInfo  intercomm.o
    0x08001ef0   0x00000058   Code   RO          513    i.InterCommSetRespInfo  intercomm.o
    0x08001f48   0x0000007c   Code   RO          514    i.InterCommTask     intercomm.o
    0x08001fc4   0x00000038   Code   RO          415    i.LoadCOMCfgFromFlash  baseconfig.o
    0x08001ffc   0x000001fc   Code   RO         7365    i.Lwip_CommInit     lwip_comm.o
    0x080021f8   0x0000002a   Code   RO        14409    i.MV88E6061IDGet    mv88e6061_phy.o
    0x08002222   0x0000001e   Code   RO        14369    i.MV88E6061ReadMii  mv88e6061_interface.o
    0x08002240   0x00000026   Code   RO        14370    i.MV88E6061WriteMii  mv88e6061_interface.o
    0x08002266   0x00000002   PAD
    0x08002268   0x00000064   Code   RO         4294    i.MV88E6061_GetSpeed  mv88e6061.o
    0x080022cc   0x00000032   Code   RO         4296    i.MV88E6061_Init    mv88e6061.o
    0x080022fe   0x00000002   PAD
    0x08002300   0x00000128   Code   RO         4297    i.MV88E6061_MII_Init  mv88e6061.o
    0x08002428   0x000001b4   Code   RO        14371    i.MV88E6061_ModeInit  mv88e6061_interface.o
    0x080025dc   0x00000016   Code   RO        14410    i.MV88E6061_ReadReg  mv88e6061_phy.o
    0x080025f2   0x00000002   PAD
    0x080025f4   0x00000020   Code   RO         4298    i.MV88E6061_Reset   mv88e6061.o
    0x08002614   0x00000034   Code   RO         4299    i.MV88E6061_Reset_Init  mv88e6061.o
    0x08002648   0x00000060   Code   RO         4300    i.MV88E6061_SMI_Init  mv88e6061.o
    0x080026a8   0x0000002a   Code   RO         4301    i.MV88E6061_Test    mv88e6061.o
    0x080026d2   0x00000004   Code   RO         3765    i.MemManage_Handler  stm32f4xx_it.o
    0x080026d6   0x00000002   Code   RO         3766    i.NMI_Handler       stm32f4xx_it.o
    0x080026d8   0x00000078   Code   RO          795    i.NVIC_Init         misc.o
    0x08002750   0x00000014   Code   RO          796    i.NVIC_PriorityGroupConfig  misc.o
    0x08002764   0x00000058   Code   RO        14449    i.OSEventNameSet    os_core.o
    0x080027bc   0x00000028   Code   RO        14450    i.OSInit            os_core.o
    0x080027e4   0x00000024   Code   RO        15027    i.OSInitHookBegin   os_cpu_c.o
    0x08002808   0x00000002   Code   RO        15028    i.OSInitHookEnd     os_cpu_c.o
    0x0800280a   0x00000002   PAD
    0x0800280c   0x00000024   Code   RO        14451    i.OSIntEnter        os_core.o
    0x08002830   0x00000090   Code   RO        14452    i.OSIntExit         os_core.o
    0x080028c0   0x000000a0   Code   RO        14755    i.OSQCreate         os_q.o
    0x08002960   0x00000104   Code   RO        14756    i.OSQDel            os_q.o
    0x08002a64   0x0000011c   Code   RO        14758    i.OSQPend           os_q.o
    0x08002b80   0x00000072   Code   RO        14760    i.OSQPost           os_q.o
    0x08002bf2   0x00000062   Code   RO        14763    i.OSQQuery          os_q.o
    0x08002c54   0x00000054   Code   RO        14827    i.OSSemCreate       os_sem.o
    0x08002ca8   0x000000e0   Code   RO        14828    i.OSSemDel          os_sem.o
    0x08002d88   0x000000ec   Code   RO        14829    i.OSSemPend         os_sem.o
    0x08002e74   0x00000058   Code   RO        14831    i.OSSemPost         os_sem.o
    0x08002ecc   0x0000004c   Code   RO        14832    i.OSSemQuery        os_sem.o
    0x08002f18   0x00000048   Code   RO        14455    i.OSStart           os_core.o
    0x08002f60   0x00000002   Code   RO        15029    i.OSTCBInitHook     os_cpu_c.o
    0x08002f62   0x00000002   PAD
    0x08002f64   0x000000a0   Code   RO        14881    i.OSTaskCreate      os_task.o
    0x08003004   0x000000b8   Code   RO        14882    i.OSTaskCreateExt   os_task.o
    0x080030bc   0x00000002   Code   RO        15030    i.OSTaskCreateHook  os_cpu_c.o
    0x080030be   0x00000002   PAD
    0x080030c0   0x00000144   Code   RO        14883    i.OSTaskDel         os_task.o
    0x08003204   0x00000002   Code   RO        15031    i.OSTaskDelHook     os_cpu_c.o
    0x08003206   0x00000002   Code   RO        15032    i.OSTaskIdleHook    os_cpu_c.o
    0x08003208   0x00000070   Code   RO        14886    i.OSTaskNameSet     os_task.o
    0x08003278   0x00000002   Code   RO        15033    i.OSTaskReturnHook  os_cpu_c.o
    0x0800327a   0x00000002   Code   RO        15034    i.OSTaskStatHook    os_cpu_c.o
    0x0800327c   0x00000088   Code   RO        14892    i.OSTaskStkChk      os_task.o
    0x08003304   0x0000009c   Code   RO        15035    i.OSTaskStkInit     os_cpu_c.o
    0x080033a0   0x000000a8   Code   RO        14893    i.OSTaskSuspend     os_task.o
    0x08003448   0x00000002   Code   RO        15036    i.OSTaskSwHook      os_cpu_c.o
    0x0800344a   0x00000002   PAD
    0x0800344c   0x00000078   Code   RO        14982    i.OSTimeDly         os_time.o
    0x080034c4   0x00000060   Code   RO        14983    i.OSTimeDlyHMSM     os_time.o
    0x08003524   0x0000001c   Code   RO        14985    i.OSTimeGet         os_time.o
    0x08003540   0x000000ec   Code   RO        14457    i.OSTimeTick        os_core.o
    0x0800362c   0x00000002   Code   RO        15037    i.OSTimeTickHook    os_cpu_c.o
    0x0800362e   0x00000002   Code   RO        14459    i.OS_Dummy          os_core.o
    0x08003630   0x00000084   Code   RO        14460    i.OS_EventTaskRdy   os_core.o
    0x080036b4   0x0000002e   Code   RO        14461    i.OS_EventTaskRemove  os_core.o
    0x080036e2   0x00000002   PAD
    0x080036e4   0x0000007c   Code   RO        14462    i.OS_EventTaskWait  os_core.o
    0x08003760   0x0000001c   Code   RO        14463    i.OS_EventWaitListInit  os_core.o
    0x0800377c   0x00000060   Code   RO        14464    i.OS_InitEventList  os_core.o
    0x080037dc   0x0000005c   Code   RO        14465    i.OS_InitMisc       os_core.o
    0x08003838   0x00000044   Code   RO        14466    i.OS_InitRdyList    os_core.o
    0x0800387c   0x00000080   Code   RO        14467    i.OS_InitTCBList    os_core.o
    0x080038fc   0x00000050   Code   RO        14468    i.OS_InitTaskIdle   os_core.o
    0x0800394c   0x00000050   Code   RO        14469    i.OS_InitTaskStat   os_core.o
    0x0800399c   0x00000012   Code   RO        14470    i.OS_MemClr         os_core.o
    0x080039ae   0x00000002   PAD
    0x080039b0   0x00000050   Code   RO        14764    i.OS_QInit          os_q.o
    0x08003a00   0x00000074   Code   RO        14472    i.OS_Sched          os_core.o
    0x08003a74   0x0000002c   Code   RO        14473    i.OS_SchedNew       os_core.o
    0x08003aa0   0x00000138   Code   RO        14475    i.OS_TCBInit        os_core.o
    0x08003bd8   0x00000028   Code   RO        14476    i.OS_TaskIdle       os_core.o
    0x08003c00   0x00000018   Code   RO        14894    i.OS_TaskReturn     os_task.o
    0x08003c18   0x000000a0   Code   RO        14477    i.OS_TaskStat       os_core.o
    0x08003cb8   0x0000003c   Code   RO        14478    i.OS_TaskStatStkChk  os_core.o
    0x08003cf4   0x0000001a   Code   RO        14895    i.OS_TaskStkClr     os_task.o
    0x08003d0e   0x00000002   PAD
    0x08003d10   0x00000020   Code   RO         1080    i.RCC_AHB1PeriphClockCmd  stm32f4xx_rcc.o
    0x08003d30   0x00000020   Code   RO         1082    i.RCC_AHB1PeriphResetCmd  stm32f4xx_rcc.o
    0x08003d50   0x00000020   Code   RO         1089    i.RCC_APB1PeriphClockCmd  stm32f4xx_rcc.o
    0x08003d70   0x00000020   Code   RO         1091    i.RCC_APB1PeriphResetCmd  stm32f4xx_rcc.o
    0x08003d90   0x00000020   Code   RO         1092    i.RCC_APB2PeriphClockCmd  stm32f4xx_rcc.o
    0x08003db0   0x000000e8   Code   RO         1101    i.RCC_GetClocksFreq  stm32f4xx_rcc.o
    0x08003e98   0x00000026   Code   RO         3768    i.RTC_Alarm_IRQHandler  stm32f4xx_it.o
    0x08003ebe   0x00000002   PAD
    0x08003ec0   0x0000001c   Code   RO         3123    i.RTC_ClearFlag     stm32f4xx_rtc.o
    0x08003edc   0x00000028   Code   RO         3135    i.RTC_GetFlagStatus  stm32f4xx_rtc.o
    0x08003f04   0x00000026   Code   RO         3769    i.RTC_WKUP_IRQHandler  stm32f4xx_it.o
    0x08003f2a   0x00000002   PAD
    0x08003f2c   0x00000074   Code   RO          515    i.ReReadReqMsg      intercomm.o
    0x08003fa0   0x000000b8   Code   RO          516    i.ReadAppData       intercomm.o
    0x08004058   0x0000014c   Code   RO          517    i.ReadReqMsg        intercomm.o
    0x080041a4   0x00000030   Code   RO         3770    i.SPI1_IRQHandler   stm32f4xx_it.o
    0x080041d4   0x00000030   Code   RO         3771    i.SPI2_IRQHandler   stm32f4xx_it.o
    0x08004204   0x000000c4   Code   RO         4617    i.SPI2_Init         flash_w25q.o
    0x080042c8   0x00000038   Code   RO         4618    i.SPI2_ReadWriteByte  flash_w25q.o
    0x08004300   0x00000028   Code   RO         4619    i.SPI2_SetSpeed     flash_w25q.o
    0x08004328   0x00000030   Code   RO         3772    i.SPI3_IRQHandler   stm32f4xx_it.o
    0x08004358   0x00000018   Code   RO         1424    i.SPI_Cmd           stm32f4xx_spi.o
    0x08004370   0x00000012   Code   RO         1432    i.SPI_I2S_GetFlagStatus  stm32f4xx_spi.o
    0x08004382   0x00000034   Code   RO         1433    i.SPI_I2S_GetITStatus  stm32f4xx_spi.o
    0x080043b6   0x00000020   Code   RO         1434    i.SPI_I2S_ITConfig  stm32f4xx_spi.o
    0x080043d6   0x00000006   Code   RO         1435    i.SPI_I2S_ReceiveData  stm32f4xx_spi.o
    0x080043dc   0x00000004   Code   RO         1436    i.SPI_I2S_SendData  stm32f4xx_spi.o
    0x080043e0   0x0000003c   Code   RO         1437    i.SPI_Init          stm32f4xx_spi.o
    0x0800441c   0x00000002   Code   RO         3773    i.SVC_Handler       stm32f4xx_it.o
    0x0800441e   0x00000002   PAD
    0x08004420   0x0000000c   Code   RO         1588    i.SYSCFG_ETH_MediaInterfaceConfig  stm32f4xx_syscfg.o
    0x0800442c   0x00000088   Code   RO          518    i.SendAppData       intercomm.o
    0x080044b4   0x0000006c   Code   RO          519    i.SendRespMsg       intercomm.o
    0x08004520   0x00000058   Code   RO          759    i.SerlCommInit      serlcomm.o
    0x08004578   0x00000208   Code   RO          760    i.SerlCommTask      serlcomm.o
    0x08004780   0x00000072   Code   RO         4413    i.SerlRecvIRQ       usart.o
    0x080047f2   0x00000132   Code   RO          417    i.SetCOMPort        baseconfig.o
    0x08004924   0x00000084   Code   RO          697    i.SetNonBlockMode   ownsocket.o
    0x080049a8   0x000000ec   Code   RO         3885    i.SetSysClock       system_stm32f4xx.o
    0x08004a94   0x00000018   Code   RO            4    i.Start_Task        app.o
    0x08004aac   0x00000030   Code   RO          418    i.StoreCOMCfgToFlash  baseconfig.o
    0x08004adc   0x00000030   Code   RO          265    i.SysCrc32Cal       basecommprotocol.o
    0x08004b0c   0x00000028   Code   RO          799    i.SysTick_CLKSourceConfig  misc.o
    0x08004b34   0x0000001c   Code   RO         3774    i.SysTick_Handler   stm32f4xx_it.o
    0x08004b50   0x000000bc   Code   RO            5    i.Sys_Init          app.o
    0x08004c0c   0x00000068   Code   RO         3887    i.SystemInit        system_stm32f4xx.o
    0x08004c74   0x00000064   Code   RO         4524    i.TIM10_Init        timer.o
    0x08004cd8   0x00000064   Code   RO         4525    i.TIM11_Init        timer.o
    0x08004d3c   0x00000064   Code   RO         4526    i.TIM12_Init        timer.o
    0x08004da0   0x00000064   Code   RO         4527    i.TIM13_Init        timer.o
    0x08004e04   0x00000064   Code   RO         4528    i.TIM14_Init        timer.o
    0x08004e68   0x0000005c   Code   RO         4529    i.TIM1_BRK_TIM9_IRQHandler  timer.o
    0x08004ec4   0x00000060   Code   RO         4530    i.TIM1_TRG_COM_TIM11_IRQHandler  timer.o
    0x08004f24   0x00000060   Code   RO         4531    i.TIM1_UP_TIM10_IRQHandler  timer.o
    0x08004f84   0x00000010   Code   RO         3775    i.TIM3_IRQHandler   stm32f4xx_it.o
    0x08004f94   0x00000048   Code   RO         4011    i.TIM3_IrqHandler   tim3.o
    0x08004fdc   0x00000060   Code   RO         4532    i.TIM8_BRK_TIM12_IRQHandler  timer.o
    0x0800503c   0x0000005c   Code   RO         4533    i.TIM8_TRG_COM_TIM14_IRQHandler  timer.o
    0x08005098   0x00000060   Code   RO         4534    i.TIM8_UP_TIM13_IRQHandler  timer.o
    0x080050f8   0x00000064   Code   RO         4535    i.TIM9_Init         timer.o
    0x0800515c   0x00000006   Code   RO         1657    i.TIM_ClearITPendingBit  stm32f4xx_tim.o
    0x08005162   0x00000018   Code   RO         1662    i.TIM_Cmd           stm32f4xx_tim.o
    0x0800517a   0x00000022   Code   RO         1683    i.TIM_GetITStatus   stm32f4xx_tim.o
    0x0800519c   0x00000012   Code   RO         1687    i.TIM_ITConfig      stm32f4xx_tim.o
    0x080051ae   0x00000002   PAD
    0x080051b0   0x00000084   Code   RO         1734    i.TIM_TimeBaseInit  stm32f4xx_tim.o
    0x08005234   0x000000ac   Code   RO            6    i.Task_Init         app.o
    0x080052e0   0x0000001c   Code   RO         4414    i.UART4_IRQHandler  usart.o
    0x080052fc   0x0000001c   Code   RO         4415    i.UART5_IRQHandler  usart.o
    0x08005318   0x0000001c   Code   RO         4416    i.USART1_IRQHandler  usart.o
    0x08005334   0x0000001c   Code   RO         4417    i.USART2_IRQHandler  usart.o
    0x08005350   0x0000001c   Code   RO         4418    i.USART3_IRQHandler  usart.o
    0x0800536c   0x0000001c   Code   RO         4419    i.USART6_IRQHandler  usart.o
    0x08005388   0x0000001e   Code   RO         2213    i.USART_ClearITPendingBit  stm32f4xx_usart.o
    0x080053a6   0x00000018   Code   RO         2216    i.USART_Cmd         stm32f4xx_usart.o
    0x080053be   0x0000001a   Code   RO         2219    i.USART_GetFlagStatus  stm32f4xx_usart.o
    0x080053d8   0x00000054   Code   RO         2220    i.USART_GetITStatus  stm32f4xx_usart.o
    0x0800542c   0x0000004a   Code   RO         2222    i.USART_ITConfig    stm32f4xx_usart.o
    0x08005476   0x00000002   PAD
    0x08005478   0x000000d4   Code   RO         2223    i.USART_Init        stm32f4xx_usart.o
    0x0800554c   0x00000016   Code   RO         2229    i.USART_OverSampling8Cmd  stm32f4xx_usart.o
    0x08005562   0x0000000a   Code   RO         2230    i.USART_ReceiveData  stm32f4xx_usart.o
    0x0800556c   0x00000008   Code   RO         2233    i.USART_SendData    stm32f4xx_usart.o
    0x08005574   0x00000004   Code   RO         3776    i.UsageFault_Handler  stm32f4xx_it.o
    0x08005578   0x0000002a   Code   RO         4420    i.UsartClrRecvInfo  usart.o
    0x080055a2   0x00000002   PAD
    0x080055a4   0x0000044e   Code   RO         4421    i.UsartInit         usart.o
    0x080059f2   0x000000a8   Code   RO         4422    i.UsartRead         usart.o
    0x08005a9a   0x0000002c   Code   RO         4423    i.UsartSetAttr      usart.o
    0x08005ac6   0x0000002c   Code   RO         4424    i.UsartUpdateRxLen  usart.o
    0x08005af2   0x00000002   PAD
    0x08005af4   0x000000f8   Code   RO         4425    i.UsartWrite        usart.o
    0x08005bec   0x00000048   Code   RO         4620    i.W25QXX_Erase_Sector  flash_w25q.o
    0x08005c34   0x00000048   Code   RO         4621    i.W25QXX_ReadID     flash_w25q.o
    0x08005c7c   0x0000002c   Code   RO         4622    i.W25QXX_ReadSR     flash_w25q.o
    0x08005ca8   0x00000012   Code   RO         4623    i.W25QXX_Wait_Busy  flash_w25q.o
    0x08005cba   0x00000002   PAD
    0x08005cbc   0x00000020   Code   RO         4625    i.W25QXX_Write_Enable  flash_w25q.o
    0x08005cdc   0x00000046   Code   RO         4626    i.W25QXX_Write_NoCheck  flash_w25q.o
    0x08005d22   0x00000002   PAD
    0x08005d24   0x00000020   Code   RO        15369    i.__0printf$8       mc_w.l(printf8.o)
    0x08005d44   0x0000000e   Code   RO        15465    i.__scatterload_copy  mc_w.l(handlers.o)
    0x08005d52   0x00000002   Code   RO        15466    i.__scatterload_null  mc_w.l(handlers.o)
    0x08005d54   0x0000000e   Code   RO        15467    i.__scatterload_zeroinit  mc_w.l(handlers.o)
    0x08005d62   0x00000002   PAD
    0x08005d64   0x00000410   Code   RO        15376    i._printf_core      mc_w.l(printf8.o)
    0x08006174   0x00000024   Code   RO        15377    i._printf_post_padding  mc_w.l(printf8.o)
    0x08006198   0x0000002e   Code   RO        15378    i._printf_pre_padding  mc_w.l(printf8.o)
    0x080061c6   0x000000b0   Code   RO         6555    i.accept_function   api_msg.o
    0x08006276   0x00000002   PAD
    0x08006278   0x000000ac   Code   RO         6860    i.alloc_socket      sockets.o
    0x08006324   0x00000020   Code   RO         6262    i.arp_timer         timers.o
    0x08006344   0x00000058   Code   RO         4627    i.bsp_W25QXX_Init   flash_w25q.o
    0x0800639c   0x00000050   Code   RO         4628    i.bsp_W25QXX_Read   flash_w25q.o
    0x080063ec   0x000000b8   Code   RO         4629    i.bsp_W25QXX_Write  flash_w25q.o
    0x080064a4   0x00000054   Code   RO         4630    i.bsp_W25QXX_Write_Page  flash_w25q.o
    0x080064f8   0x00000074   Code   RO         6556    i.do_bind           api_msg.o
    0x0800656c   0x00000144   Code   RO         6557    i.do_close          api_msg.o
    0x080066b0   0x000002b8   Code   RO         6558    i.do_close_internal  api_msg.o
    0x08006968   0x000001d8   Code   RO         6561    i.do_delconn        api_msg.o
    0x08006b40   0x00000134   Code   RO         6563    i.do_getaddr        api_msg.o
    0x08006c74   0x000000cc   Code   RO         6564    i.do_listen         api_msg.o
    0x08006d40   0x00000020   Code   RO         6565    i.do_newconn        api_msg.o
    0x08006d60   0x00000048   Code   RO         6566    i.do_recv           api_msg.o
    0x08006da8   0x000000a6   Code   RO         6567    i.do_send           api_msg.o
    0x08006e4e   0x00000002   PAD
    0x08006e50   0x00000128   Code   RO         6568    i.do_write          api_msg.o
    0x08006f78   0x000002e4   Code   RO         6569    i.do_writemore      api_msg.o
    0x0800725c   0x00000046   Code   RO         8727    i.driverConfig      gtdrvconfig.o
    0x080072a2   0x00000008   Code   RO         8728    i.driverEnable      gtdrvconfig.o
    0x080072aa   0x00000002   PAD
    0x080072ac   0x0000019c   Code   RO         6570    i.err_tcp           api_msg.o
    0x08007448   0x000001c8   Code   RO         4733    i.etharp_arp_input  etharp.o
    0x08007610   0x000002f8   Code   RO         4736    i.etharp_find_entry  etharp.o
    0x08007908   0x00000078   Code   RO         4737    i.etharp_free_entry  etharp.o
    0x08007980   0x00000210   Code   RO         4738    i.etharp_output     etharp.o
    0x08007b90   0x0000011c   Code   RO         4739    i.etharp_output_to_arp_index  etharp.o
    0x08007cac   0x00000280   Code   RO         4740    i.etharp_query      etharp.o
    0x08007f2c   0x000001a4   Code   RO         4741    i.etharp_raw        etharp.o
    0x080080d0   0x00000030   Code   RO         4742    i.etharp_request    etharp.o
    0x08008100   0x000000b8   Code   RO         4743    i.etharp_send_ip    etharp.o
    0x080081b8   0x00000094   Code   RO         4744    i.etharp_tmr        etharp.o
    0x0800824c   0x00000160   Code   RO         4745    i.etharp_update_arp_entry  etharp.o
    0x080083ac   0x0000014c   Code   RO         4746    i.ethernet_input    etharp.o
    0x080084f8   0x000000ac   Code   RO         4855    i.ethernetif_init   ethernetif.o
    0x080085a4   0x00000030   Code   RO         4856    i.ethernetif_input  ethernetif.o
    0x080085d4   0x000001e8   Code   RO         6861    i.event_callback    sockets.o
    0x080087bc   0x00000022   Code   RO         9299    i.fgtReadMii        gtmiismiif.o
    0x080087de   0x00000022   Code   RO         9300    i.fgtWriteMii       gtmiismiif.o
    0x08008800   0x00000024   Code   RO         4426    i.fputc             usart.o
    0x08008824   0x00000038   Code   RO         6862    i.free_socket       sockets.o
    0x0800885c   0x00000040   Code   RO         6863    i.get_socket        sockets.o
    0x0800889c   0x00000030   Code   RO        10480    i.gpirl2Initialize  gtpirl2.o
    0x080088cc   0x00000078   Code   RO        10483    i.gpirl2SetCurTimeUpInt  gtpirl2.o
    0x08008944   0x00000026   Code   RO        10584    i.gpirl3Initialize  gtpirl3.o
    0x0800896a   0x0000006e   Code   RO        10587    i.gpirl3SetCurTimeUpInt  gtpirl3.o
    0x080089d8   0x0000004c   Code   RO        10360    i.gpirlInitialize   gtpirl.o
    0x08008a24   0x00000064   Code   RO        10363    i.gpirlSetCurTimeUpInt  gtpirl.o
    0x08008a88   0x0000005c   Code   RO        10746    i.gprtGetMapDA      gtportctrl.o
    0x08008ae4   0x00000048   Code   RO        10774    i.gprtSetCPUPort    gtportctrl.o
    0x08008b2c   0x0000003c   Code   RO        11894    i.gprtSetCtrMode    gtportstat.o
    0x08008b68   0x00000058   Code   RO        10804    i.gprtSetMapDA      gtportctrl.o
    0x08008bc0   0x00000036   Code   RO         8342    i.gstpSetPortState  gtbrgstp.o
    0x08008bf6   0x00000098   Code   RO         9399    i.gsysGlobal1PointDataSet  gtmisc.o
    0x08008c8e   0x000000a2   Code   RO        13022    i.gsysInitCPUPort   gtsysconfig.o
    0x08008d30   0x0000007c   Code   RO        13168    i.gsysSetARPDest    gtsysctrl.o
    0x08008dac   0x00000010   Code   RO        13174    i.gsysSetCPUDest    gtsysctrl.o
    0x08008dbc   0x00000044   Code   RO        13175    i.gsysSetCPUPort    gtsysctrl.o
    0x08008e00   0x00000054   Code   RO         9415    i.gsysSetMonitorMgmtCtrl  gtmisc.o
    0x08008e54   0x00000074   Code   RO        13221    i.gsysSetRsvd2Cpu   gtsysctrl.o
    0x08008ec8   0x00000068   Code   RO        13222    i.gsysSetRsvd2CpuEnables  gtsysctrl.o
    0x08008f30   0x00000014   Code   RO        14199    i.gtMemSet          gtutils.o
    0x08008f44   0x0000001e   Code   RO        13023    i.gtRegister        gtsysconfig.o
    0x08008f62   0x00000016   Code   RO        12845    i.gtSemCreate       gtsem.o
    0x08008f78   0x00000018   Code   RO        12846    i.gtSemDelete       gtsem.o
    0x08008f90   0x00000016   Code   RO        12847    i.gtSemGive         gtsem.o
    0x08008fa6   0x0000001a   Code   RO        12848    i.gtSemTake         gtsem.o
    0x08008fc0   0x00000086   Code   RO         9019    i.hwGetGlobal2RegField  gthwcntl.o
    0x08009046   0x00000086   Code   RO         9021    i.hwGetGlobalRegField  gthwcntl.o
    0x080090cc   0x00000088   Code   RO         9024    i.hwGetPortRegField  gthwcntl.o
    0x08009154   0x00000044   Code   RO         9026    i.hwReadGlobal2Reg  gthwcntl.o
    0x08009198   0x000000a2   Code   RO         9036    i.hwSetGlobal2RegField  gthwcntl.o
    0x0800923a   0x000000a2   Code   RO         9039    i.hwSetGlobalRegField  gthwcntl.o
    0x080092dc   0x000000a4   Code   RO         9043    i.hwSetPortRegField  gthwcntl.o
    0x08009380   0x00000044   Code   RO         9044    i.hwWriteGlobal2Reg  gthwcntl.o
    0x080093c4   0x0000003c   Code   RO         9046    i.hwWriteGlobalReg  gthwcntl.o
    0x08009400   0x00000012   Code   RO         4925    i.icmp_dest_unreach  icmp.o
    0x08009412   0x00000002   PAD
    0x08009414   0x0000033c   Code   RO         4926    i.icmp_input        icmp.o
    0x08009750   0x00000128   Code   RO         4927    i.icmp_send_response  icmp.o
    0x08009878   0x00000012   Code   RO         4928    i.icmp_time_exceeded  icmp.o
    0x0800988a   0x00000014   Code   RO         5009    i.inet_chksum       inet_chksum.o
    0x0800989e   0x00000056   Code   RO         5010    i.inet_chksum_pbuf  inet_chksum.o
    0x080098f4   0x0000004e   Code   RO         5127    i.ip4_addr_isbroadcast  ip_addr.o
    0x08009942   0x00000002   PAD
    0x08009944   0x00000244   Code   RO         5198    i.ip_frag           ip_frag.o
    0x08009b88   0x0000000a   Code   RO         5199    i.ip_frag_alloc_pbuf_custom_ref  ip_frag.o
    0x08009b92   0x00000002   PAD
    0x08009b94   0x00000094   Code   RO         5200    i.ip_frag_free_pbuf_custom_ref  ip_frag.o
    0x08009c28   0x000001c8   Code   RO         5056    i.ip_input          ip.o
    0x08009df0   0x000000bc   Code   RO         5057    i.ip_output         ip.o
    0x08009eac   0x00000198   Code   RO         5058    i.ip_output_if      ip.o
    0x0800a044   0x000001a4   Code   RO         5201    i.ip_reass          ip_frag.o
    0x0800a1e8   0x00000318   Code   RO         5202    i.ip_reass_chain_frag_into_datagram_and_validate  ip_frag.o
    0x0800a500   0x000000c0   Code   RO         5203    i.ip_reass_dequeue_datagram  ip_frag.o
    0x0800a5c0   0x00000058   Code   RO         5204    i.ip_reass_enqueue_new_datagram  ip_frag.o
    0x0800a618   0x000001d4   Code   RO         5205    i.ip_reass_free_complete_datagram  ip_frag.o
    0x0800a7ec   0x0000007c   Code   RO         5206    i.ip_reass_remove_oldest_datagram  ip_frag.o
    0x0800a868   0x00000020   Code   RO         6263    i.ip_reass_timer    timers.o
    0x0800a888   0x0000003c   Code   RO         5207    i.ip_reass_tmr      ip_frag.o
    0x0800a8c4   0x00000058   Code   RO         5059    i.ip_route          ip.o
    0x0800a91c   0x000000c4   Code   RO         5208    i.ipfrag_free_pbuf_custom  ip_frag.o
    0x0800a9e0   0x000000a4   Code   RO         4857    i.low_level_init    ethernetif.o
    0x0800aa84   0x00000074   Code   RO         4858    i.low_level_input   ethernetif.o
    0x0800aaf8   0x00000040   Code   RO         4859    i.low_level_output  ethernetif.o
    0x0800ab38   0x0000002e   Code   RO         8737    i.lport2port        gtdrvconfig.o
    0x0800ab66   0x00000002   PAD
    0x0800ab68   0x000002e0   Code   RO         6864    i.lwip_accept       sockets.o
    0x0800ae48   0x00000144   Code   RO         6865    i.lwip_bind         sockets.o
    0x0800af8c   0x000000d4   Code   RO         6866    i.lwip_close        sockets.o
    0x0800b060   0x00000058   Code   RO         7367    i.lwip_comm_default_ip_set  lwip_comm.o
    0x0800b0b8   0x0000003c   Code   RO         7368    i.lwip_comm_mem_free  lwip_comm.o
    0x0800b0f4   0x00000074   Code   RO         7369    i.lwip_comm_mem_malloc  lwip_comm.o
    0x0800b168   0x00000074   Code   RO         6868    i.lwip_fcntl        sockets.o
    0x0800b1dc   0x0000001a   Code   RO         5279    i.lwip_htonl        def.o
    0x0800b1f6   0x0000000c   Code   RO         5280    i.lwip_htons        def.o
    0x0800b202   0x00000024   Code   RO         5357    i.lwip_init         init.o
    0x0800b226   0x00000002   PAD
    0x0800b228   0x000000a4   Code   RO         6875    i.lwip_listen       sockets.o
    0x0800b2cc   0x0000000c   Code   RO         5281    i.lwip_ntohl        def.o
    0x0800b2d8   0x0000000c   Code   RO         5282    i.lwip_ntohs        def.o
    0x0800b2e4   0x00000010   Code   RO         7370    i.lwip_pkt_handle   lwip_comm.o
    0x0800b2f4   0x00000022   Code   RO         6877    i.lwip_recv         sockets.o
    0x0800b316   0x00000002   PAD
    0x0800b318   0x00000338   Code   RO         6878    i.lwip_recvfrom     sockets.o
    0x0800b650   0x00000448   Code   RO         6879    i.lwip_select       sockets.o
    0x0800ba98   0x000001f0   Code   RO         6880    i.lwip_selscan      sockets.o
    0x0800bc88   0x000000ac   Code   RO         6881    i.lwip_send         sockets.o
    0x0800bd34   0x000001c0   Code   RO         6882    i.lwip_sendto       sockets.o
    0x0800bef4   0x00000168   Code   RO         6883    i.lwip_setsockopt   sockets.o
    0x0800c05c   0x00000230   Code   RO         6884    i.lwip_setsockopt_internal  sockets.o
    0x0800c28c   0x000000c4   Code   RO         6885    i.lwip_shutdown     sockets.o
    0x0800c350   0x000000c4   Code   RO         6886    i.lwip_socket       sockets.o
    0x0800c414   0x00000002   Code   RO         6887    i.lwip_socket_init  sockets.o
    0x0800c416   0x0000005e   Code   RO         5013    i.lwip_standard_chksum  inet_chksum.o
    0x0800c474   0x00000028   Code   RO         3731    i.main              main.o
    0x0800c49c   0x00000170   Code   RO         5397    i.mem_free          mem.o
    0x0800c60c   0x000000fc   Code   RO         5398    i.mem_init          mem.o
    0x0800c708   0x00000290   Code   RO         5399    i.mem_malloc        mem.o
    0x0800c998   0x000001f4   Code   RO         5400    i.mem_trim          mem.o
    0x0800cb8c   0x000000c8   Code   RO         5452    i.memp_free         memp.o
    0x0800cc54   0x00000008   Code   RO         5453    i.memp_get_memorysize  memp.o
    0x0800cc5c   0x00000068   Code   RO         5454    i.memp_init         memp.o
    0x0800ccc4   0x00000108   Code   RO         5455    i.memp_malloc       memp.o
    0x0800cdcc   0x000002bc   Code   RO         9301    i.miiSmiIfInit      gtmiismiif.o
    0x0800d088   0x00000040   Code   RO         9302    i.miiSmiIfReadRegister  gtmiismiif.o
    0x0800d0c8   0x00000040   Code   RO         9303    i.miiSmiIfWriteRegister  gtmiismiif.o
    0x0800d108   0x000001b8   Code   RO         9304    i.miiSmiManualIfInit  gtmiismiif.o
    0x0800d2c0   0x0000006c   Code   RO         3926    i.my_mem_free       malloc.o
    0x0800d32c   0x00000044   Code   RO         3927    i.my_mem_init       malloc.o
    0x0800d370   0x000000b0   Code   RO         3928    i.my_mem_malloc     malloc.o
    0x0800d420   0x00000040   Code   RO         3929    i.my_mem_perused    malloc.o
    0x0800d460   0x00000024   Code   RO         3930    i.myfree            malloc.o
    0x0800d484   0x00000028   Code   RO         3931    i.mymalloc          malloc.o
    0x0800d4ac   0x00000014   Code   RO         3933    i.mymemset          malloc.o
    0x0800d4c0   0x00000020   Code   RO         6749    i.netbuf_delete     netbuf.o
    0x0800d4e0   0x000000a8   Code   RO         6751    i.netbuf_free       netbuf.o
    0x0800d588   0x000000cc   Code   RO         6754    i.netbuf_ref        netbuf.o
    0x0800d654   0x00000188   Code   RO         6431    i.netconn_accept    api_lib.o
    0x0800d7dc   0x00000128   Code   RO         6571    i.netconn_alloc     api_msg.o
    0x0800d904   0x000000dc   Code   RO         6432    i.netconn_bind      api_lib.o
    0x0800d9e0   0x000000d4   Code   RO         6434    i.netconn_close_shutdown  api_lib.o
    0x0800dab4   0x00000028   Code   RO         6436    i.netconn_delete    api_lib.o
    0x0800dadc   0x00000150   Code   RO         6572    i.netconn_drain     api_msg.o
    0x0800dc2c   0x00000180   Code   RO         6573    i.netconn_free      api_msg.o
    0x0800ddac   0x00000160   Code   RO         6438    i.netconn_getaddr   api_lib.o
    0x0800df0c   0x000000d4   Code   RO         6439    i.netconn_listen_with_backlog  api_lib.o
    0x0800dfe0   0x0000019c   Code   RO         6440    i.netconn_new_with_proto_and_callback  api_lib.o
    0x0800e17c   0x000001c4   Code   RO         6441    i.netconn_recv      api_lib.o
    0x0800e340   0x00000204   Code   RO         6442    i.netconn_recv_data  api_lib.o
    0x0800e544   0x000000a8   Code   RO         6443    i.netconn_recv_tcp_pbuf  api_lib.o
    0x0800e5ec   0x00000030   Code   RO         6444    i.netconn_recved    api_lib.o
    0x0800e61c   0x000000d8   Code   RO         6445    i.netconn_send      api_lib.o
    0x0800e6f4   0x00000024   Code   RO         6447    i.netconn_shutdown  api_lib.o
    0x0800e718   0x00000168   Code   RO         6448    i.netconn_write_partly  api_lib.o
    0x0800e880   0x0000010c   Code   RO         5515    i.netif_add         netif.o
    0x0800e98c   0x00000002   Code   RO         5517    i.netif_init        netif.o
    0x0800e98e   0x00000028   Code   RO         5519    i.netif_set_addr    netif.o
    0x0800e9b6   0x00000002   PAD
    0x0800e9b8   0x00000010   Code   RO         5520    i.netif_set_default  netif.o
    0x0800e9c8   0x00000010   Code   RO         5522    i.netif_set_gw      netif.o
    0x0800e9d8   0x00000084   Code   RO         5523    i.netif_set_ipaddr  netif.o
    0x0800ea5c   0x00000010   Code   RO         5526    i.netif_set_netmask  netif.o
    0x0800ea6c   0x00000036   Code   RO         5527    i.netif_set_up      netif.o
    0x0800eaa2   0x00000002   PAD
    0x0800eaa4   0x00000424   Code   RO         5621    i.pbuf_alloc        pbuf.o
    0x0800eec8   0x00000110   Code   RO         5622    i.pbuf_alloced_custom  pbuf.o
    0x0800efd8   0x00000150   Code   RO         5623    i.pbuf_cat          pbuf.o
    0x0800f128   0x0000001a   Code   RO         5624    i.pbuf_chain        pbuf.o
    0x0800f142   0x00000012   Code   RO         5625    i.pbuf_clen         pbuf.o
    0x0800f154   0x00000240   Code   RO         5627    i.pbuf_copy         pbuf.o
    0x0800f394   0x00000154   Code   RO         5628    i.pbuf_copy_partial  pbuf.o
    0x0800f4e8   0x000001cc   Code   RO         5630    i.pbuf_free         pbuf.o
    0x0800f6b4   0x0000015c   Code   RO         5632    i.pbuf_header       pbuf.o
    0x0800f810   0x000001d0   Code   RO         5635    i.pbuf_realloc      pbuf.o
    0x0800f9e0   0x0000001a   Code   RO         5636    i.pbuf_ref          pbuf.o
    0x0800f9fa   0x00000002   PAD
    0x0800f9fc   0x00000130   Code   RO         6574    i.pcb_new           api_msg.o
    0x0800fb2c   0x00000026   Code   RO        10490    i.pirl2Initialize   gtpirl2.o
    0x0800fb52   0x000001e2   Code   RO        10491    i.pirl2OperationPerform  gtpirl2.o
    0x0800fd34   0x00000026   Code   RO        10594    i.pirl3Initialize   gtpirl3.o
    0x0800fd5a   0x000001e2   Code   RO        10595    i.pirl3OperationPerform  gtpirl3.o
    0x0800ff3c   0x00000026   Code   RO        10371    i.pirlInitialize    gtpirl.o
    0x0800ff62   0x000001d8   Code   RO        10372    i.pirlOperationPerform  gtpirl.o
    0x0801013a   0x00000002   PAD
    0x0801013c   0x000001bc   Code   RO         5401    i.plug_holes        mem.o
    0x080102f8   0x000000e0   Code   RO         6575    i.poll_tcp          api_msg.o
    0x080103d8   0x00000036   Code   RO         8739    i.port2lport        gtdrvconfig.o
    0x0801040e   0x00000002   PAD
    0x08010410   0x00000148   Code   RO         9058    i.portToSmiMapping  gthwcntl.o
    0x08010558   0x00000c84   Code   RO        13024    i.qdLoadDriver      gtsysconfig.o
    0x080111dc   0x0000010e   Code   RO         9305    i.qdMultiAddrRead   gtmiismiif.o
    0x080112ea   0x000000aa   Code   RO         9306    i.qdMultiAddrWrite  gtmiismiif.o
    0x08011394   0x0000009e   Code   RO        13029    i.qdUnloadDriver    gtsysconfig.o
    0x08011432   0x00000010   Code   RO         5747    i.raw_bind          raw.o
    0x08011442   0x00000002   PAD
    0x08011444   0x00000074   Code   RO         5749    i.raw_input         raw.o
    0x080114b8   0x00000034   Code   RO         5750    i.raw_new           raw.o
    0x080114ec   0x00000006   Code   RO         5751    i.raw_recv          raw.o
    0x080114f2   0x00000002   PAD
    0x080114f4   0x00000040   Code   RO         5752    i.raw_remove        raw.o
    0x08011534   0x00000012   Code   RO         5753    i.raw_send          raw.o
    0x08011546   0x00000002   PAD
    0x08011548   0x00000140   Code   RO         5754    i.raw_sendto        raw.o
    0x08011688   0x0000009c   Code   RO         6576    i.recv_raw          api_msg.o
    0x08011724   0x0000018c   Code   RO         6577    i.recv_tcp          api_msg.o
    0x080118b0   0x00000184   Code   RO         6578    i.recv_udp          api_msg.o
    0x08011a34   0x000000e0   Code   RO         6579    i.sent_tcp          api_msg.o
    0x08011b14   0x00000044   Code   RO         6580    i.setup_tcp         api_msg.o
    0x08011b58   0x0000000c   Code   RO        13030    i.sysEnable         gtsysconfig.o
    0x08011b64   0x000000f8   Code   RO         7162    i.sys_arch_mbox_fetch  sys_arch.o
    0x08011c5c   0x00000012   Code   RO         7163    i.sys_arch_mbox_tryfetch  sys_arch.o
    0x08011c6e   0x00000060   Code   RO         7164    i.sys_arch_sem_wait  sys_arch.o
    0x08011cce   0x00000002   Code   RO         7165    i.sys_init          sys_arch.o
    0x08011cd0   0x0000008c   Code   RO         7166    i.sys_mbox_free     sys_arch.o
    0x08011d5c   0x000000c4   Code   RO         7167    i.sys_mbox_new      sys_arch.o
    0x08011e20   0x00000020   Code   RO         7168    i.sys_mbox_post     sys_arch.o
    0x08011e40   0x00000006   Code   RO         7169    i.sys_mbox_set_invalid  sys_arch.o
    0x08011e46   0x00000002   PAD
    0x08011e48   0x00000024   Code   RO         7170    i.sys_mbox_trypost  sys_arch.o
    0x08011e6c   0x00000038   Code   RO         7171    i.sys_mbox_valid    sys_arch.o
    0x08011ea4   0x0000008c   Code   RO         7174    i.sys_sem_free      sys_arch.o
    0x08011f30   0x000000a8   Code   RO         7175    i.sys_sem_new       sys_arch.o
    0x08011fd8   0x00000006   Code   RO         7176    i.sys_sem_set_invalid  sys_arch.o
    0x08011fde   0x0000000c   Code   RO         7177    i.sys_sem_signal    sys_arch.o
    0x08011fea   0x00000016   Code   RO         7178    i.sys_sem_valid     sys_arch.o
    0x08012000   0x00000058   Code   RO         7179    i.sys_thread_new    sys_arch.o
    0x08012058   0x0000014c   Code   RO         6264    i.sys_timeout       timers.o
    0x080121a4   0x00000024   Code   RO         6265    i.sys_timeouts_init  timers.o
    0x080121c8   0x00000088   Code   RO         6266    i.sys_timeouts_mbox_fetch  timers.o
    0x08012250   0x00000060   Code   RO         6267    i.sys_untimeout     timers.o
    0x080122b0   0x0000013c   Code   RO         5851    i.tcp_abandon       tcp.o
    0x080123ec   0x0000000e   Code   RO         5852    i.tcp_abort         tcp.o
    0x080123fa   0x00000004   Code   RO         5853    i.tcp_accept        tcp.o
    0x080123fe   0x00000008   Code   RO         5854    i.tcp_accept_null   tcp.o
    0x08012406   0x00000002   PAD
    0x08012408   0x000000c4   Code   RO         5855    i.tcp_alloc         tcp.o
    0x080124cc   0x00000004   Code   RO         5856    i.tcp_arg           tcp.o
    0x080124d0   0x0000014c   Code   RO         5857    i.tcp_bind          tcp.o
    0x0801261c   0x0000001c   Code   RO         5858    i.tcp_close         tcp.o
    0x08012638   0x00000254   Code   RO         5859    i.tcp_close_shutdown  tcp.o
    0x0801288c   0x000000b8   Code   RO         6152    i.tcp_create_segment  tcp_out.o
    0x08012944   0x0000002e   Code   RO         5862    i.tcp_eff_send_mss  tcp.o
    0x08012972   0x00000002   PAD
    0x08012974   0x000002ac   Code   RO         6153    i.tcp_enqueue_flags  tcp_out.o
    0x08012c20   0x000000a8   Code   RO         5863    i.tcp_err           tcp.o
    0x08012cc8   0x00000080   Code   RO         5864    i.tcp_fasttmr       tcp.o
    0x08012d48   0x00000002   Code   RO         5865    i.tcp_init          tcp.o
    0x08012d4a   0x00000002   PAD
    0x08012d4c   0x000006d0   Code   RO         6092    i.tcp_input         tcp_in.o
    0x0801341c   0x00000054   Code   RO         6154    i.tcp_keepalive     tcp_out.o
    0x08013470   0x00000058   Code   RO         5866    i.tcp_kill_prio     tcp.o
    0x080134c8   0x00000040   Code   RO         5867    i.tcp_kill_timewait  tcp.o
    0x08013508   0x0000013c   Code   RO         6093    i.tcp_listen_input  tcp_in.o
    0x08013644   0x00000190   Code   RO         5868    i.tcp_listen_with_backlog  tcp.o
    0x080137d4   0x0000000a   Code   RO         5869    i.tcp_new           tcp.o
    0x080137de   0x00000002   PAD
    0x080137e0   0x00000068   Code   RO         5870    i.tcp_new_port      tcp.o
    0x08013848   0x0000001c   Code   RO         5871    i.tcp_next_iss      tcp.o
    0x08013864   0x0000028c   Code   RO         6155    i.tcp_output        tcp_out.o
    0x08013af0   0x00000120   Code   RO         6156    i.tcp_output_alloc_header  tcp_out.o
    0x08013c10   0x000000d8   Code   RO         6157    i.tcp_output_segment  tcp_out.o
    0x08013ce8   0x000000d0   Code   RO         6094    i.tcp_parseopt      tcp_in.o
    0x08013db8   0x00000100   Code   RO         6158    i.tcp_pbuf_prealloc  tcp_out.o
    0x08013eb8   0x00000058   Code   RO         5872    i.tcp_pcb_purge     tcp.o
    0x08013f10   0x00000148   Code   RO         5873    i.tcp_pcb_remove    tcp.o
    0x08014058   0x000000a8   Code   RO         5874    i.tcp_poll          tcp.o
    0x08014100   0x0000069c   Code   RO         6095    i.tcp_process       tcp_in.o
    0x0801479c   0x00000094   Code   RO         5875    i.tcp_process_refused_data  tcp.o
    0x08014830   0x0000092c   Code   RO         6096    i.tcp_receive       tcp_in.o
    0x0801515c   0x000000a8   Code   RO         5876    i.tcp_recv          tcp.o
    0x08015204   0x0000002e   Code   RO         5877    i.tcp_recv_null     tcp.o
    0x08015232   0x00000002   PAD
    0x08015234   0x00000124   Code   RO         5878    i.tcp_recved        tcp.o
    0x08015358   0x0000005a   Code   RO         6159    i.tcp_rexmit        tcp_out.o
    0x080153b2   0x00000078   Code   RO         6160    i.tcp_rexmit_fast   tcp_out.o
    0x0801542a   0x0000003a   Code   RO         6161    i.tcp_rexmit_rto    tcp_out.o
    0x08015464   0x00000128   Code   RO         6162    i.tcp_rst           tcp_out.o
    0x0801558c   0x0000001a   Code   RO         5879    i.tcp_seg_free      tcp.o
    0x080155a6   0x00000018   Code   RO         5880    i.tcp_segs_free     tcp.o
    0x080155be   0x00000056   Code   RO         6163    i.tcp_send_empty_ack  tcp_out.o
    0x08015614   0x0000004a   Code   RO         6164    i.tcp_send_fin      tcp_out.o
    0x0801565e   0x00000002   PAD
    0x08015660   0x000000a8   Code   RO         5881    i.tcp_sent          tcp.o
    0x08015708   0x00000062   Code   RO         5883    i.tcp_shutdown      tcp.o
    0x0801576a   0x00000002   PAD
    0x0801576c   0x000005fc   Code   RO         5884    i.tcp_slowtmr       tcp.o
    0x08015d68   0x00000038   Code   RO         6268    i.tcp_timer_needed  timers.o
    0x08015da0   0x000000ac   Code   RO         6097    i.tcp_timewait_input  tcp_in.o
    0x08015e4c   0x00000024   Code   RO         5885    i.tcp_tmr           tcp.o
    0x08015e70   0x000000dc   Code   RO         5886    i.tcp_update_rcv_ann_wnd  tcp.o
    0x08015f4c   0x00000724   Code   RO         6165    i.tcp_write         tcp_out.o
    0x08016670   0x0000018c   Code   RO         6166    i.tcp_write_checks  tcp_out.o
    0x080167fc   0x000000b4   Code   RO         6167    i.tcp_zero_window_probe  tcp_out.o
    0x080168b0   0x00000040   Code   RO         7060    i.tcpip_apimsg      tcpip.o
    0x080168f0   0x00000060   Code   RO         7061    i.tcpip_callback_with_block  tcpip.o
    0x08016950   0x000000e4   Code   RO         7064    i.tcpip_init        tcpip.o
    0x08016a34   0x0000004c   Code   RO         7065    i.tcpip_input       tcpip.o
    0x08016a80   0x00000038   Code   RO         6269    i.tcpip_tcp_timer   timers.o
    0x08016ab8   0x0000016c   Code   RO         7066    i.tcpip_thread      tcpip.o
    0x08016c24   0x00000030   Code   RO         6889    i.tryget_socket     sockets.o
    0x08016c54   0x00000124   Code   RO         6336    i.udp_bind          udp.o
    0x08016d78   0x00000002   Code   RO         6339    i.udp_init          udp.o
    0x08016d7a   0x00000002   PAD
    0x08016d7c   0x00000254   Code   RO         6340    i.udp_input         udp.o
    0x08016fd0   0x0000001c   Code   RO         6341    i.udp_new           udp.o
    0x08016fec   0x00000058   Code   RO         6342    i.udp_new_port      udp.o
    0x08017044   0x00000006   Code   RO         6343    i.udp_recv          udp.o
    0x0801704a   0x00000002   PAD
    0x0801704c   0x00000040   Code   RO         6344    i.udp_remove        udp.o
    0x0801708c   0x00000014   Code   RO         6345    i.udp_send          udp.o
    0x080170a0   0x00000036   Code   RO         6346    i.udp_sendto        udp.o
    0x080170d6   0x00000002   PAD
    0x080170d8   0x00000190   Code   RO         6347    i.udp_sendto_if     udp.o
    0x08017268   0x00000024   Data   RO         3940    .constdata          malloc.o
    0x0801728c   0x0000000c   Data   RO         4748    .constdata          etharp.o
    0x08017298   0x00000038   Data   RO         5457    .constdata          memp.o
    0x080172d0   0x00000050   Data   RO         5887    .constdata          tcp.o
    0x08017320   0x00000040   Data   RO         6891    .constdata          sockets.o
    0x08017360   0x00000004   Data   RO         7180    .constdata          sys_arch.o
    0x08017364   0x00000100   Data   RO        14480    .constdata          os_core.o
    0x08017464   0x00000044   Data   RO         4749    .conststring        etharp.o
    0x080174a8   0x000000a0   Data   RO         5458    .conststring        memp.o
    0x08017548   0x0000006d   Data   RO         5888    .conststring        tcp.o
    0x080175b5   0x00000003   PAD
    0x080175b8   0x00000055   Data   RO         6168    .conststring        tcp_out.o
    0x0801760d   0x00000003   PAD
    0x08017610   0x00000020   Data   RO        15463    Region$$Table       anon$$obj.o


    Execution Region RW_IRAM1 (Base: 0x20000000, Size: 0x00018968, Max: 0x00020000, ABSOLUTE, COMPRESSED[0x00000474])

    Base Addr    Size         Type   Attr      Idx    E Section Name        Object

    0x20000000   0x00000400   Data   RW          266    .data               basecommprotocol.o
    0x20000400   0x00000010   Data   RW         1133    .data               stm32f4xx_rcc.o
    0x20000410   0x00000010   Data   RW         2604    .data               stm32f4x7_eth.o
    0x20000420   0x00000024   Data   RW         3941    .data               malloc.o
    0x20000444   0x00000004   Data   RW         4013    .data               tim3.o
    0x20000448   0x00000004   Data   RW         4108    .data               delay.o
    0x2000044c   0x00000002   Data   RW         4302    .data               mv88e6061.o
    0x2000044e   0x00000002   Data   RW         4632    .data               flash_w25q.o
    0x20000450   0x00000001   Data   RW         4750    .data               etharp.o
    0x20000451   0x00000003   PAD
    0x20000454   0x00000012   Data   RW         5060    .data               ip.o
    0x20000466   0x00000002   PAD
    0x20000468   0x00000006   Data   RW         5209    .data               ip_frag.o
    0x2000046e   0x00000002   PAD
    0x20000470   0x00000014   Data   RW         5402    .data               mem.o
    0x20000484   0x0000003c   Data   RW         5459    .data               memp.o
    0x200004c0   0x00000009   Data   RW         5528    .data               netif.o
    0x200004c9   0x00000003   PAD
    0x200004cc   0x00000004   Data   RW         5755    .data               raw.o
    0x200004d0   0x00000024   Data   RW         5889    .data               tcp.o
    0x200004f4   0x00000020   Data   RW         6099    .data               tcp_in.o
    0x20000514   0x00000008   Data   RW         6270    .data               timers.o
    0x2000051c   0x00000008   Data   RW         6348    .data               udp.o
    0x20000524   0x0000000c   Data   RW         6892    .data               sockets.o
    0x20000530   0x0000000c   Data   RW         7070    .data               tcpip.o
    0x2000053c   0x00000010   Data   RW         7300    .data               hw_arch.o
    0x2000054c   0x00000008   Data   RW         7372    .data               lwip_comm.o
    0x20000554   0x00000004   Data   RW        14373    .data               mv88e6061_interface.o
    0x20000558   0x00000048   Data   RW        14481    .data               os_core.o
    0x200005a0   0x00000004   Data   RW        15039    .data               os_cpu_c.o
    0x200005a4   0x00000004   Data   RW        15437    .data               mc_w.l(stdout.o)
    0x200005a8   0x00001800   Zero   RW            7    .bss                app.o
    0x20001da8   0x0000042a   Zero   RW          419    .bss                baseconfig.o
    0x200021d2   0x00000002   PAD
    0x200021d4   0x00002ca8   Zero   RW          520    .bss                intercomm.o
    0x20004e7c   0x00000470   Zero   RW          761    .bss                serlcomm.o
    0x200052ec   0x0000000c   Zero   RW         2603    .bss                stm32f4x7_eth.o
    0x200052f8   0x00000200   Zero   RW         3732    .bss                main.o
    0x200054f8   0x0000ff00   Zero   RW         3939    .bss                malloc.o
    0x200153f8   0x00000c48   Zero   RW         4427    .bss                usart.o
    0x20016040   0x00001000   Zero   RW         4631    .bss                flash_w25q.o
    0x20017040   0x000000c8   Zero   RW         4747    .bss                etharp.o
    0x20017108   0x00000038   Zero   RW         5456    .bss                memp.o
    0x20017140   0x00000014   Zero   RW         6098    .bss                tcp_in.o
    0x20017154   0x000001e0   Zero   RW         6890    .bss                sockets.o
    0x20017334   0x00000048   Zero   RW         7371    .bss                lwip_comm.o
    0x2001737c   0x000000a0   Zero   RW        14372    .bss                mv88e6061_interface.o
    0x2001741c   0x00000f48   Zero   RW        14479    .bss                os_core.o
    0x20018364   0x00000200   Zero   RW        15038    .bss                os_cpu_c.o
    0x20018564   0x00000004   PAD
    0x20018568   0x00000400   Zero   RW         4723    STACK               startup_stm32f40_41xxx.o



  Load Region LR$$.ARM.__AT_0x10000000 (Base: 0x10000000, Size: 0x00000000, Max: 0x0000f000, ABSOLUTE)

    Execution Region ER$$.ARM.__AT_0x10000000 (Base: 0x10000000, Size: 0x0000f000, Max: 0x0000f000, ABSOLUTE, UNINIT)

    Base Addr    Size         Type   Attr      Idx    E Section Name        Object

    0x10000000   0x0000f000   Zero   RW         3935    .ARM.__AT_0x10000000  malloc.o



  Load Region LR$$.ARM.__AT_0x1000F000 (Base: 0x1000f000, Size: 0x00000000, Max: 0x00000f00, ABSOLUTE)

    Execution Region ER$$.ARM.__AT_0x1000F000 (Base: 0x1000f000, Size: 0x00000f00, Max: 0x00000f00, ABSOLUTE, UNINIT)

    Base Addr    Size         Type   Attr      Idx    E Section Name        Object

    0x1000f000   0x00000f00   Zero   RW         3936    .ARM.__AT_0x1000F000  malloc.o



  Load Region LR$$.ARM.__AT_0x68000000 (Base: 0x68000000, Size: 0x00000000, Max: 0x00032000, ABSOLUTE)

    Execution Region ER$$.ARM.__AT_0x68000000 (Base: 0x68000000, Size: 0x00032000, Max: 0x00032000, ABSOLUTE, UNINIT)

    Base Addr    Size         Type   Attr      Idx    E Section Name        Object

    0x68000000   0x00032000   Zero   RW         3937    .ARM.__AT_0x68000000  malloc.o



  Load Region LR$$.ARM.__AT_0x68032000 (Base: 0x68032000, Size: 0x00000000, Max: 0x00003200, ABSOLUTE)

    Execution Region ER$$.ARM.__AT_0x68032000 (Base: 0x68032000, Size: 0x00003200, Max: 0x00003200, ABSOLUTE, UNINIT)

    Base Addr    Size         Type   Attr      Idx    E Section Name        Object

    0x68032000   0x00003200   Zero   RW         3938    .ARM.__AT_0x68032000  malloc.o


==============================================================================

Image component sizes


      Code (inc. data)   RO Data    RW Data    ZI Data      Debug   Object Name

      3636       1766          0          0          0      12392   api_lib.o
      6790       2554          0          0          0      18062   api_msg.o
       384        166          0          0       6144     350512   app.o
      1346        346          0       1024          0     253802   basecommprotocol.o
      1140        208          0          0       1066       7055   baseconfig.o
       184         58          0          0          0        555   bsp.o
        62          0          0          0          0       2260   def.o
        88         10          0          4          0        805   delay.o
      4272       1390         80          1        200      14301   etharp.o
       564        144          0          0          0       4193   ethernetif.o
      1036         80          0          2       4096       9062   flash_w25q.o
         0          0          0          0          0      56188   gtadvvct.o
        54          0          0          0          0        851   gtbrgstp.o
       178          0          0          0          0      57632   gtdrvconfig.o
      1416         16          0          0          0      10239   gthwcntl.o
      1776          0          0          0          0       7604   gtmiismiif.o
       236          4          0          0          0       1767   gtmisc.o
       686          0          0          0          0       3937   gtpirl.o
       688         14          0          0          0       3919   gtpirl2.o
       668          6          0          0          0       3967   gtpirl3.o
       252         20          0          0          0       3231   gtportctrl.o
        60          8          0          0          0        745   gtportstat.o
        94          0          0          0          0       2768   gtsem.o
      3566         16          0          0          0       6196   gtsysconfig.o
       428         28          0          0          0       3918   gtsysctrl.o
        20          0          0          0          0        743   gtutils.o
       676         64          0         16          0       5591   hw_arch.o
      1160        472          0          0          0       3962   icmp.o
         0          0          0          0          0       3852   inet.o
       200          0          0          0          0       2769   inet_chksum.o
        36          0          0          0          0        548   init.o
      2096        354          0          0      11432      42464   intercomm.o
      1140        290          0         18          0      17074   ip.o
        78          0          0          0          0       6662   ip_addr.o
      3078       1000          0          6          0      11488   ip_frag.o
       788        258          0          8         72       5426   lwip_comm.o
        40         10          0          0        512       1107   main.o
       512         60         36         36     348160       6698   malloc.o
      2220        974          0         20          0       5565   mem.o
       576        302        216         60         56       4222   memp.o
       180         24          0          0          0       2201   misc.o
       694         44          0          2          0       4783   mv88e6061.o
       504        234          0          4        160       2626   mv88e6061_interface.o
        64          0          0          0          0       1345   mv88e6061_phy.o
       404        230          0          0          0       3395   netbuf.o
       544        134          0          9          0       7742   netif.o
      2242        392        256         72       3912      22342   os_core.o
       220         36          0          0          0        348   os_cpu_a.o
       210         16          0          4        512      14154   os_cpu_c.o
       996         52          0          0          0       5427   os_q.o
       708         40          0          0          0       4318   os_sem.o
      1134        114          0          0          0       6872   os_task.o
       244         34          0          0          0       1988   os_time.o
       684        270          0          0          0       8111   ownsocket.o
      3926       1694          0          0          0      10175   pbuf.o
       592        154          0          4          0       5573   raw.o
       656        196          0          0       1136       2886   serlcomm.o
      6764       1412         64         12        480      22233   sockets.o
        36          8        392          0       1024        880   startup_stm32f40_41xxx.o
      1808        142          0         16         12      15509   stm32f4x7_eth.o
        12          6          0          0          0        569   stm32f4xx_exti.o
       222          0          0          0          0       3011   stm32f4xx_gpio.o
       332         36          0          0          0       8095   stm32f4xx_it.o
       392         48          0         16          0       6057   stm32f4xx_rcc.o
        68         12          0          0          0       1208   stm32f4xx_rtc.o
       196          0          0          0          0       5163   stm32f4xx_spi.o
        12          6          0          0          0        606   stm32f4xx_syscfg.o
       214         28          0          0          0       3842   stm32f4xx_tim.o
       490          8          0          0          0       6944   stm32f4xx_usart.o
      1266        490          4          0          0      11129   sys_arch.o
       340         32          0          0          0       1585   system_stm32f4xx.o
      5878       2068        189         36          0      33401   tcp.o
      6480       1194          0         32         20      17295   tcp_in.o
      5492       1570         85          0          0      15791   tcp_out.o
       828        310          0         12          0       9554   tcpip.o
        72         14          0          4          0        753   tim3.o
      1168        116          0          0          0       7722   timer.o
       776        222          0          8          0       6155   timers.o
      1550        396          0          8          0       9747   udp.o
      2086        236          0          0       3144      11766   usart.o

    ----------------------------------------------------------------------
     92818      22636       1360       1444     382144    1257433   Object Totals
         0          0         32          0          0          0   (incl. Generated)
       110          0          6         10          6          0   (incl. Padding)

    ----------------------------------------------------------------------

      Code (inc. data)   RO Data    RW Data    ZI Data      Debug   Library Member Name

        86          0          0          0          0          0   __dczerorl2.o
         0          0          0          0          0          0   entry.o
         0          0          0          0          0          0   entry10a.o
         0          0          0          0          0          0   entry11a.o
         8          4          0          0          0          0   entry2.o
         4          0          0          0          0          0   entry5.o
         0          0          0          0          0          0   entry7b.o
         0          0          0          0          0          0   entry8b.o
         8          4          0          0          0          0   entry9a.o
        30          0          0          0          0          0   handlers.o
        36          8          0          0          0         68   init.o
        30          0          0          0          0         68   llshl.o
        32          0          0          0          0         68   llushr.o
        26          0          0          0          0         80   memcmp.o
        36          0          0          0          0         68   memcpya.o
        36          0          0          0          0        108   memseta.o
      1154         54          0          0          0        352   printf8.o
         0          0          0          4          0          0   stdout.o
        28          0          0          0          0         76   strcmp.o
        98          0          0          0          0         92   uldiv.o

    ----------------------------------------------------------------------
      1614         70          0          4          0        980   Library Totals
         2          0          0          0          0          0   (incl. Padding)

    ----------------------------------------------------------------------

      Code (inc. data)   RO Data    RW Data    ZI Data      Debug   Library Name

      1612         70          0          4          0        980   mc_w.l

    ----------------------------------------------------------------------
      1614         70          0          4          0        980   Library Totals

    ----------------------------------------------------------------------

==============================================================================


      Code (inc. data)   RO Data    RW Data    ZI Data      Debug   

     94432      22706       1360       1448     382144    1204529   Grand Totals
     94432      22706       1360       1140     382144    1204529   ELF Image Totals (compressed)
     94432      22706       1360       1140          0          0   ROM Totals

==============================================================================

    Total RO  Size (Code + RO Data)                95792 (  93.55kB)
    Total RW  Size (RW Data + ZI Data)            383592 ( 374.60kB)
    Total ROM Size (Code + RO Data + RW Data)      96932 (  94.66kB)

==============================================================================

